Component: ARM Compiler 5.06 update 6 (build 750) Tool: armlink [4d35ed]

==============================================================================

Section Cross References

    startup_stm32f407xx.o(RESET) refers to startup_stm32f407xx.o(STACK) for __initial_sp
    startup_stm32f407xx.o(RESET) refers to startup_stm32f407xx.o(.text) for Reset_Handler
    startup_stm32f407xx.o(RESET) refers to stm32f4xx_it.o(i.NMI_Handler) for NMI_Handler
    startup_stm32f407xx.o(RESET) refers to stm32f4xx_it.o(i.HardFault_Handler) for HardFault_Handler
    startup_stm32f407xx.o(RESET) refers to stm32f4xx_it.o(i.MemManage_Handler) for MemManage_Handler
    startup_stm32f407xx.o(RESET) refers to stm32f4xx_it.o(i.BusFault_Handler) for BusFault_Handler
    startup_stm32f407xx.o(RESET) refers to stm32f4xx_it.o(i.UsageFault_Handler) for UsageFault_Handler
    startup_stm32f407xx.o(RESET) refers to port.o(.emb_text) for SVC_Handler
    startup_stm32f407xx.o(RESET) refers to stm32f4xx_it.o(i.DebugMon_Handler) for DebugMon_Handler
    startup_stm32f407xx.o(RESET) refers to stm32f4xx_it.o(i.SysTick_Handler) for SysTick_Handler
    startup_stm32f407xx.o(RESET) refers to stm32f4xx_it.o(i.EXTI0_IRQHandler) for EXTI0_IRQHandler
    startup_stm32f407xx.o(RESET) refers to stm32f4xx_it.o(i.TIM6_DAC_IRQHandler) for TIM6_DAC_IRQHandler
    startup_stm32f407xx.o(RESET) refers to stm32f4xx_it.o(i.OTG_FS_IRQHandler) for OTG_FS_IRQHandler
    startup_stm32f407xx.o(.text) refers to system_stm32f4xx.o(i.SystemInit) for SystemInit
    startup_stm32f407xx.o(.text) refers to entry.o(.ARM.Collect$$$$00000000) for __main
    main.o(i.FLASH_Read) refers to main.o(.data) for .data
    main.o(i.FLASH_Write) refers to stm32f4xx_hal_flash.o(i.HAL_FLASH_Unlock) for HAL_FLASH_Unlock
    main.o(i.FLASH_Write) refers to stm32f4xx_hal_flash_ex.o(i.FLASH_Erase_Sector) for FLASH_Erase_Sector
    main.o(i.FLASH_Write) refers to stm32f4xx_hal_flash.o(i.HAL_FLASH_Program) for HAL_FLASH_Program
    main.o(i.FLASH_Write) refers to stm32f4xx_hal_flash.o(i.HAL_FLASH_Lock) for HAL_FLASH_Lock
    main.o(i.FLASH_Write) refers to main.o(.data) for .data
    main.o(i.HAL_TIM_PeriodElapsedCallback) refers to stm32f4xx_hal.o(i.HAL_IncTick) for HAL_IncTick
    main.o(i.MX_GPIO_Init) refers to stm32f4xx_hal_gpio.o(i.HAL_GPIO_Init) for HAL_GPIO_Init
    main.o(i.MX_GPIO_Init) refers to stm32f4xx_hal_cortex.o(i.HAL_NVIC_SetPriority) for HAL_NVIC_SetPriority
    main.o(i.MX_GPIO_Init) refers to stm32f4xx_hal_cortex.o(i.HAL_NVIC_EnableIRQ) for HAL_NVIC_EnableIRQ
    main.o(i.MX_TIM4_Init) refers to stm32f4xx_hal_tim.o(i.HAL_TIM_PWM_Init) for HAL_TIM_PWM_Init
    main.o(i.MX_TIM4_Init) refers to stm32f4xx_hal_tim_ex.o(i.HAL_TIMEx_MasterConfigSynchronization) for HAL_TIMEx_MasterConfigSynchronization
    main.o(i.MX_TIM4_Init) refers to stm32f4xx_hal_tim.o(i.HAL_TIM_PWM_ConfigChannel) for HAL_TIM_PWM_ConfigChannel
    main.o(i.MX_TIM4_Init) refers to stm32f4xx_hal_msp.o(i.HAL_TIM_MspPostInit) for HAL_TIM_MspPostInit
    main.o(i.MX_TIM4_Init) refers to main.o(.bss) for .bss
    main.o(i.StartDefaultTask) refers to usb_device.o(i.MX_USB_DEVICE_Init) for MX_USB_DEVICE_Init
    main.o(i.StartDefaultTask) refers to queue.o(i.xQueueGenericReceive) for xQueueGenericReceive
    main.o(i.StartDefaultTask) refers to main.o(i.set_brightness) for set_brightness
    main.o(i.StartDefaultTask) refers to usbd_cdc_if.o(i.CDC_Transmit_FS) for CDC_Transmit_FS
    main.o(i.StartDefaultTask) refers to queue.o(i.xQueueGenericSend) for xQueueGenericSend
    main.o(i.StartDefaultTask) refers to main.o(.data) for .data
    main.o(i.StartSaveTask) refers to queue.o(i.xQueueGenericReceive) for xQueueGenericReceive
    main.o(i.StartSaveTask) refers to main.o(i.FLASH_Write) for FLASH_Write
    main.o(i.StartSaveTask) refers to usbd_cdc_if.o(i.CDC_Transmit_FS) for CDC_Transmit_FS
    main.o(i.StartSaveTask) refers to queue.o(i.xQueueGenericSend) for xQueueGenericSend
    main.o(i.StartSaveTask) refers to main.o(.data) for .data
    main.o(i.SystemClock_Config) refers to stm32f4xx_hal_rcc.o(i.HAL_RCC_OscConfig) for HAL_RCC_OscConfig
    main.o(i.SystemClock_Config) refers to stm32f4xx_hal_rcc.o(i.HAL_RCC_ClockConfig) for HAL_RCC_ClockConfig
    main.o(i.SystemClock_Config) refers to stm32f4xx_hal_rcc.o(i.HAL_RCC_GetHCLKFreq) for HAL_RCC_GetHCLKFreq
    main.o(i.SystemClock_Config) refers to stm32f4xx_hal_cortex.o(i.HAL_SYSTICK_Config) for HAL_SYSTICK_Config
    main.o(i.SystemClock_Config) refers to stm32f4xx_hal_cortex.o(i.HAL_SYSTICK_CLKSourceConfig) for HAL_SYSTICK_CLKSourceConfig
    main.o(i.SystemClock_Config) refers to stm32f4xx_hal_cortex.o(i.HAL_NVIC_SetPriority) for HAL_NVIC_SetPriority
    main.o(i.main) refers to stm32f4xx_hal.o(i.HAL_Init) for HAL_Init
    main.o(i.main) refers to main.o(i.SystemClock_Config) for SystemClock_Config
    main.o(i.main) refers to main.o(i.MX_GPIO_Init) for MX_GPIO_Init
    main.o(i.main) refers to main.o(i.MX_TIM4_Init) for MX_TIM4_Init
[...]
    i.USB_WritePacket                        0x08003828   Section        0  stm32f4xx_ll_usb.o(i.USB_WritePacket)
    i.UsageFault_Handler                     0x08003850   Section        0  stm32f4xx_it.o(i.UsageFault_Handler)
    i._Error_Handler                         0x08003852   Section        0  main.o(i._Error_Handler)
    i.__scatterload_copy                     0x08003854   Section       14  handlers.o(i.__scatterload_copy)
    i.__scatterload_null                     0x08003862   Section        2  handlers.o(i.__scatterload_null)
    i.__scatterload_zeroinit                 0x08003864   Section       14  handlers.o(i.__scatterload_zeroinit)
    i.free                                   0x08003874   Section        0  malloc.o(i.free)
    i.main                                   0x080038c4   Section        0  main.o(i.main)
    i.makeFreeRtosPriority                   0x08003974   Section        0  cmsis_os.o(i.makeFreeRtosPriority)
    makeFreeRtosPriority                     0x08003975   Thumb Code    12  cmsis_os.o(i.makeFreeRtosPriority)
    i.malloc                                 0x08003980   Section        0  malloc.o(i.malloc)
    i.osKernelStart                          0x080039ec   Section        0  cmsis_os.o(i.osKernelStart)
    i.osMessageCreate                        0x080039f6   Section        0  cmsis_os.o(i.osMessageCreate)
    i.osSystickHandler                       0x080039fe   Section        0  cmsis_os.o(i.osSystickHandler)
    i.osThreadCreate                         0x08003a12   Section        0  cmsis_os.o(i.osThreadCreate)
    i.prvAddCurrentTaskToDelayedList         0x08003a40   Section        0  tasks.o(i.prvAddCurrentTaskToDelayedList)
    prvAddCurrentTaskToDelayedList           0x08003a41   Thumb Code   102  tasks.o(i.prvAddCurrentTaskToDelayedList)
    i.prvAddNewTaskToReadyList               0x08003ab0   Section        0  tasks.o(i.prvAddNewTaskToReadyList)
    prvAddNewTaskToReadyList                 0x08003ab1   Thumb Code   194  tasks.o(i.prvAddNewTaskToReadyList)
    i.prvCheckTasksWaitingTermination        0x08003b80   Section        0  tasks.o(i.prvCheckTasksWaitingTermination)
    prvCheckTasksWaitingTermination          0x08003b81   Thumb Code    70  tasks.o(i.prvCheckTasksWaitingTermination)
    i.prvCopyDataFromQueue                   0x08003bd0   Section        0  queue.o(i.prvCopyDataFromQueue)
    prvCopyDataFromQueue                     0x08003bd1   Thumb Code    38  queue.o(i.prvCopyDataFromQueue)
    i.prvCopyDataToQueue                     0x08003bf6   Section        0  queue.o(i.prvCopyDataToQueue)
    prvCopyDataToQueue                       0x08003bf7   Thumb Code   108  queue.o(i.prvCopyDataToQueue)
    i.prvDeleteTCB                           0x08003c62   Section        0  tasks.o(i.prvDeleteTCB)
    prvDeleteTCB                             0x08003c63   Thumb Code    20  tasks.o(i.prvDeleteTCB)
    i.prvHeapInit                            0x08003c78   Section        0  heap_4.o(i.prvHeapInit)
    prvHeapInit                              0x08003c79   Thumb Code    66  heap_4.o(i.prvHeapInit)
    i.prvIdleTask                            0x08003cc4   Section        0  tasks.o(i.prvIdleTask)
    prvIdleTask                              0x08003cc5   Thumb Code    30  tasks.o(i.prvIdleTask)
    i.prvInitialiseNewTask                   0x08003cec   Section        0  tasks.o(i.prvInitialiseNewTask)
    prvInitialiseNewTask                     0x08003ced   Thumb Code   142  tasks.o(i.prvInitialiseNewTask)
    i.prvInsertBlockIntoFreeList             0x08003d7c   Section        0  heap_4.o(i.prvInsertBlockIntoFreeList)
    prvInsertBlockIntoFreeList               0x08003d7d   Thumb Code    72  heap_4.o(i.prvInsertBlockIntoFreeList)
    i.prvIsQueueEmpty                        0x08003dc8   Section        0  queue.o(i.prvIsQueueEmpty)
    prvIsQueueEmpty                          0x08003dc9   Thumb Code    28  queue.o(i.prvIsQueueEmpty)
    i.prvResetNextTaskUnblockTime            0x08003de4   Section        0  tasks.o(i.prvResetNextTaskUnblockTime)
    prvResetNextTaskUnblockTime              0x08003de5   Thumb Code    26  tasks.o(i.prvResetNextTaskUnblockTime)
    i.prvTaskExitError                       0x08003e04   Section        0  port.o(i.prvTaskExitError)
    prvTaskExitError                         0x08003e05   Thumb Code    36  port.o(i.prvTaskExitError)
    i.prvUnlockQueue                         0x08003e2c   Section        0  queue.o(i.prvUnlockQueue)
    prvUnlockQueue                           0x08003e2d   Thumb Code   106  queue.o(i.prvUnlockQueue)
    i.pvPortMalloc                           0x08003e98   Section        0  heap_4.o(i.pvPortMalloc)
    i.pvTaskIncrementMutexHeldCount          0x08003f70   Section        0  tasks.o(i.pvTaskIncrementMutexHeldCount)
    i.pxPortInitialiseStack                  0x08003f88   Section        0  port.o(i.pxPortInitialiseStack)
    i.set_brightness                         0x08003fb4   Section        0  main.o(i.set_brightness)
    i.uxListRemove                           0x08004008   Section        0  list.o(i.uxListRemove)
    i.vListInitialise                        0x0800402c   Section        0  list.o(i.vListInitialise)
    i.vListInitialiseItem                    0x08004042   Section        0  list.o(i.vListInitialiseItem)
    i.vListInsert                            0x08004048   Section        0  list.o(i.vListInsert)
    i.vListInsertEnd                         0x08004078   Section        0  list.o(i.vListInsertEnd)
    i.vPortEnterCritical                     0x08004090   Section        0  port.o(i.vPortEnterCritical)
    i.vPortExitCritical                      0x080040d0   Section        0  port.o(i.vPortExitCritical)
    i.vPortFree                              0x080040f8   Section        0  heap_4.o(i.vPortFree)
    i.vPortSetupTimerInterrupt               0x08004154   Section        0  port.o(i.vPortSetupTimerInterrupt)
    i.vPortValidateInterruptPriority         0x08004174   Section        0  port.o(i.vPortValidateInterruptPriority)
    i.vTaskMissedYield                       0x080041c8   Section        0  tasks.o(i.vTaskMissedYield)
    i.vTaskPlaceOnEventList                  0x080041d4   Section        0  tasks.o(i.vTaskPlaceOnEventList)
    i.vTaskPriorityInherit                   0x08004204   Section        0  tasks.o(i.vTaskPriorityInherit)
    i.vTaskSetTimeOutState                   0x08004288   Section        0  tasks.o(i.vTaskSetTimeOutState)
    i.vTaskStartScheduler                    0x080042ac   Section        0  tasks.o(i.vTaskStartScheduler)
    i.vTaskSuspendAll                        0x08004314   Section        0  tasks.o(i.vTaskSuspendAll)
    i.vTaskSwitchContext                     0x08004324   Section        0  tasks.o(i.vTaskSwitchContext)
    i.xPortStartScheduler                    0x08004380   Section        0  port.o(i.xPortStartScheduler)
    i.xPortSysTickHandler                    0x08004460   Section        0  port.o(i.xPortSysTickHandler)
    i.xQueueGenericCreate                    0x0800448c   Section        0  queue.o(i.xQueueGenericCreate)
    i.xQueueGenericReceive                   0x080044d4   Section        0  queue.o(i.xQueueGenericReceive)
    i.xQueueGenericReset                     0x08004640   Section        0  queue.o(i.xQueueGenericReset)
    i.xQueueGenericSend                      0x080046c8   Section        0  queue.o(i.xQueueGenericSend)
    i.xQueueGenericSendFromISR               0x08004828   Section        0  queue.o(i.xQueueGenericSendFromISR)
    i.xQueueGiveFromISR                      0x080048e4   Section        0  queue.o(i.xQueueGiveFromISR)
    i.xTaskCheckForTimeOut                   0x08004980   Section        0  tasks.o(i.xTaskCheckForTimeOut)
    i.xTaskCreate                            0x080049ec   Section        0  tasks.o(i.xTaskCreate)
    i.xTaskGetSchedulerState                 0x08004a44   Section        0  tasks.o(i.xTaskGetSchedulerState)
    i.xTaskIncrementTick                     0x08004a60   Section        0  tasks.o(i.xTaskIncrementTick)
    i.xTaskPriorityDisinherit                0x08004b28   Section        0  tasks.o(i.xTaskPriorityDisinherit)
    i.xTaskRemoveFromEventList               0x08004bc0   Section        0  tasks.o(i.xTaskRemoveFromEventList)
    i.xTaskResumeAll                         0x08004c34   Section        0  tasks.o(i.xTaskResumeAll)
    .constdata                               0x08004cf8   Section       48  main.o(.constdata)
    .constdata                               0x08004d28   Section       16  system_stm32f4xx.o(.constdata)
    .constdata                               0x08004d38   Section        8  system_stm32f4xx.o(.constdata)
    .conststring                             0x08004d40   Section       24  main.o(.conststring)
    .data                                    0x20000000   Section       28  main.o(.data)
    .data                                    0x2000001c   Section       28  usbd_desc.o(.data)
    .data                                    0x20000038   Section       22  usbd_desc.o(.data)
    .data                                    0x20000050   Section       16  usbd_cdc_if.o(.data)
    .data                                    0x20000060   Section        4  usbd_cdc_if.o(.data)
    xHigherPriorityTaskWoken                 0x20000060   Data           4  usbd_cdc_if.o(.data)
    .data                                    0x20000064   Section        4  stm32f4xx_it.o(.data)
    xHigherPriorityTaskWoken                 0x20000064   Data           4  stm32f4xx_it.o(.data)
    .data                                    0x20000068   Section       12  stm32f4xx_hal.o(.data)
    .data                                    0x20000074   Section        4  system_stm32f4xx.o(.data)
    .data                                    0x20000078   Section       24  heap_4.o(.data)
    pxEnd                                    0x20000078   Data           4  heap_4.o(.data)
    xFreeBytesRemaining                      0x2000007c   Data           4  heap_4.o(.data)
    xMinimumEverFreeBytesRemaining           0x20000080   Data           4  heap_4.o(.data)
    xBlockAllocatedBit                       0x20000084   Data           4  heap_4.o(.data)
    xStart                                   0x20000088   Data           8  heap_4.o(.data)
    .data                                    0x20000090   Section       12  port.o(.data)
    ucMaxSysCallPriority                     0x20000090   Data           1  port.o(.data)
    uxCriticalNesting                        0x20000094   Data           4  port.o(.data)
    ulMaxPRIGROUPValue                       0x20000098   Data           4  port.o(.data)
    .data                                    0x2000009c   Section       60  tasks.o(.data)
    uxDeletedTasksWaitingCleanUp             0x200000a0   Data           4  tasks.o(.data)
    uxCurrentNumberOfTasks                   0x200000a4   Data           4  tasks.o(.data)
    xTickCount                               0x200000a8   Data           4  tasks.o(.data)
    uxTopReadyPriority                       0x200000ac   Data           4  tasks.o(.data)
    xSchedulerRunning                        0x200000b0   Data           4  tasks.o(.data)
    uxPendedTicks                            0x200000b4   Data           4  tasks.o(.data)
    xYieldPending                            0x200000b8   Data           4  tasks.o(.data)
    xNumOfOverflows                          0x200000bc   Data           4  tasks.o(.data)
    uxTaskNumber                             0x200000c0   Data           4  tasks.o(.data)
    xNextTaskUnblockTime                     0x200000c4   Data           4  tasks.o(.data)
    xIdleTaskHandle                          0x200000c8   Data           4  tasks.o(.data)
    uxSchedulerSuspended                     0x200000cc   Data           4  tasks.o(.data)
    pxDelayedTaskList                        0x200000d0   Data           4  tasks.o(.data)
    pxOverflowDelayedTaskList                0x200000d4   Data           4  tasks.o(.data)
    .data                                    0x200000d8   Section        1  usbd_ctlreq.o(.data)
    cfgidx                                   0x200000d8   Data           1  usbd_ctlreq.o(.data)
    .data                                    0x200000dc   Section      219  usbd_cdc.o(.data)
    ifalt                                    0x200000dc   Data           1  usbd_cdc.o(.data)
    USBD_CDC_DeviceQualifierDesc             0x200000e0   Data          10  usbd_cdc.o(.data)
    .data                                    0x200001b8   Section       56  usbd_cdc.o(.data)
    .data                                    0x200001f0   Section        4  mvars.o(.data)
    .data                                    0x200001f4   Section        4  mvars.o(.data)
    .bss                                     0x200001f8   Section       60  main.o(.bss)
    .bss                                     0x20000234   Section      548  usb_device.o(.bss)
    .bss                                     0x20000458   Section     1008  usbd_conf.o(.bss)
    .bss                                     0x20000848   Section      512  usbd_desc.o(.bss)
    .bss                                     0x20000a48   Section     4096  usbd_cdc_if.o(.bss)
    .bss                                     0x20001a48   Section       60  stm32f4xx_hal_timebase_tim.o(.bss)
    .bss                                     0x20001a84   Section       32  stm32f4xx_hal_flash.o(.bss)
    .bss                                     0x20001aa4   Section    15360  heap_4.o(.bss)
    ucHeap                                   0x20001aa4   Data       15360  heap_4.o(.bss)
    .bss                                     0x200056a4   Section      240  tasks.o(.bss)
    pxReadyTasksLists                        0x200056a4   Data         140  tasks.o(.bss)
    xDelayedTaskList1                        0x20005730   Data          20  tasks.o(.bss)
    xDelayedTaskList2                        0x20005744   Data          20  tasks.o(.bss)
    xPendingReadyList                        0x20005758   Data          20  tasks.o(.bss)
    xTasksWaitingTermination                 0x2000576c   Data          20  tasks.o(.bss)
    xSuspendedTaskList                       0x20005780   Data          20  tasks.o(.bss)
    HEAP                                     0x20005798   Section      512  startup_stm32f407xx.o(HEAP)
    STACK                                    0x20005998   Section     1024  startup_stm32f407xx.o(STACK)

    Global Symbols

    Symbol Name                              Value     Ov Type        Size  Object(Section)

    BuildAttributes$$THM_ISAv4$E$P$D$K$B$S$7EM$VFPi3$EXTD16$VFPS$VFMA$PE$A:L22UL41UL21$X:L11$S22US41US21$IEEE1$IW$USESV6$~STKCKD$USESV7$~SHL$OSPACE$EBA8$MICROLIB$REQ8$PRES8$EABIv2 0x00000000   Number         0  anon$$obj.o ABSOLUTE
    __ARM_use_no_argv                        0x00000000   Number         0  main.o ABSOLUTE
    __cpp_initialize__aeabi_                  - Undefined Weak Reference
    __cxa_finalize                            - Undefined Weak Reference
    _clock_init                               - Undefined Weak Reference
    _microlib_exit                            - Undefined Weak Reference
    __Vectors_Size                           0x00000188   Number         0  startup_stm32f407xx.o ABSOLUTE
    __Vectors                                0x08000000   Data           4  startup_stm32f407xx.o(RESET)
    __Vectors_End                            0x08000188   Data           0  startup_stm32f407xx.o(RESET)
    __main                                   0x08000189   Thumb Code     0  entry.o(.ARM.Collect$$$$00000000)
    _main_stk                                0x08000189   Thumb Code     0  entry2.o(.ARM.Collect$$$$00000001)
    _main_scatterload                        0x0800018d   Thumb Code     0  entry5.o(.ARM.Collect$$$$00000004)
    __main_after_scatterload                 0x08000191   Thumb Code     0  entry5.o(.ARM.Collect$$$$00000004)
    _main_clock                              0x08000191   Thumb Code     0  entry7b.o(.ARM.Collect$$$$00000008)
    _main_cpp_init                           0x08000191   Thumb Code     0  entry8b.o(.ARM.Collect$$$$0000000A)
    _main_init                               0x08000191   Thumb Code     0  entry9a.o(.ARM.Collect$$$$0000000B)
    __rt_final_cpp                           0x08000199   Thumb Code     0  entry10a.o(.ARM.Collect$$$$0000000D)
    __rt_final_exit                          0x08000199   Thumb Code     0  entry11a.o(.ARM.Collect$$$$0000000F)
    SVC_Handler                              0x0800019d   Thumb Code    28  port.o(.emb_text)
    __asm___6_port_c_39a90d8d__prvStartFirstTask 0x080001bd   Thumb Code    28  port.o(.emb_text)
    __asm___6_port_c_39a90d8d__prvEnableVFP  0x080001dd   Thumb Code    16  port.o(.emb_text)
    PendSV_Handler                           0x080001f1   Thumb Code    92  port.o(.emb_text)
    vPortGetIPSR                             0x08000251   Thumb Code     6  port.o(.emb_text)
    Reset_Handler                            0x08000259   Thumb Code     8  startup_stm32f407xx.o(.text)
    ADC_IRQHandler                           0x08000273   Thumb Code     0  startup_stm32f407xx.o(.text)
    CAN1_RX0_IRQHandler                      0x08000273   Thumb Code     0  startup_stm32f407xx.o(.text)
    CAN1_RX1_IRQHandler                      0x08000273   Thumb Code     0  startup_stm32f407xx.o(.text)
    CAN1_SCE_IRQHandler                      0x08000273   Thumb Code     0  startup_stm32f407xx.o(.text)
    CAN1_TX_IRQHandler                       0x08000273   Thumb Code     0  startup_stm32f407xx.o(.text)
    CAN2_RX0_IRQHandler                      0x08000273   Thumb Code     0  startup_stm32f407xx.o(.text)
    CAN2_RX1_IRQHandler                      0x08000273   Thumb Code     0  startup_stm32f407xx.o(.text)
    CAN2_SCE_IRQHandler                      0x08000273   Thumb Code     0  startup_stm32f407xx.o(.text)
    CAN2_TX_IRQHandler                       0x08000273   Thumb Code     0  startup_stm32f407xx.o(.text)
    DCMI_IRQHandler                          0x08000273   Thumb Code     0  startup_stm32f407xx.o(.text)
    DMA1_Stream0_IRQHandler                  0x08000273   Thumb Code     0  startup_stm32f407xx.o(.text)
    DMA1_Stream1_IRQHandler                  0x08000273   Thumb Code     0  startup_stm32f407xx.o(.text)
    DMA1_Stream2_IRQHandler                  0x08000273   Thumb Code     0  startup_stm32f407xx.o(.text)
    DMA1_Stream3_IRQHandler                  0x08000273   Thumb Code     0  startup_stm32f407xx.o(.text)
    DMA1_Stream4_IRQHandler                  0x08000273   Thumb Code     0  startup_stm32f407xx.o(.text)
    DMA1_Stream5_IRQHandler                  0x08000273   Thumb Code     0  startup_stm32f407xx.o(.text)
    DMA1_Stream6_IRQHandler                  0x08000273   Thumb Code     0  startup_stm32f407xx.o(.text)
    DMA1_Stream7_IRQHandler                  0x08000273   Thumb Code     0  startup_stm32f407xx.o(.text)
    DMA2_Stream0_IRQHandler                  0x08000273   Thumb Code     0  startup_stm32f407xx.o(.text)
    DMA2_Stream1_IRQHandler                  0x08000273   Thumb Code     0  startup_stm32f407xx.o(.text)
    DMA2_Stream2_IRQHandler                  0x08000273   Thumb Code     0  startup_stm32f407xx.o(.text)
    DMA2_Stream3_IRQHandler                  0x08000273   Thumb Code     0  startup_stm32f407xx.o(.text)
    DMA2_Stream4_IRQHandler                  0x08000273   Thumb Code     0  startup_stm32f407xx.o(.text)
    DMA2_Stream5_IRQHandler                  0x08000273   Thumb Code     0  startup_stm32f407xx.o(.text)
    DMA2_Stream6_IRQHandler                  0x08000273   Thumb Code     0  startup_stm32f407xx.o(.text)
    DMA2_Stream7_IRQHandler                  0x08000273   Thumb Code     0  startup_stm32f407xx.o(.text)
    ETH_IRQHandler                           0x08000273   Thumb Code     0  startup_stm32f407xx.o(.text)
    ETH_WKUP_IRQHandler                      0x08000273   Thumb Code     0  startup_stm32f407xx.o(.text)
    EXTI15_10_IRQHandler                     0x08000273   Thumb Code     0  startup_stm32f407xx.o(.text)
    EXTI1_IRQHandler                         0x08000273   Thumb Code     0  startup_stm32f407xx.o(.text)
    EXTI2_IRQHandler                         0x08000273   Thumb Code     0  startup_stm32f407xx.o(.text)
    EXTI3_IRQHandler                         0x08000273   Thumb Code     0  startup_stm32f407xx.o(.text)
    EXTI4_IRQHandler                         0x08000273   Thumb Code     0  startup_stm32f407xx.o(.text)
    EXTI9_5_IRQHandler                       0x08000273   Thumb Code     0  startup_stm32f407xx.o(.text)
    FLASH_IRQHandler                         0x08000273   Thumb Code     0  startup_stm32f407xx.o(.text)
    FMC_IRQHandler                           0x08000273   Thumb Code     0  startup_stm32f407xx.o(.text)
    FPU_IRQHandler                           0x08000273   Thumb Code     0  startup_stm32f407xx.o(.text)
    HASH_RNG_IRQHandler                      0x08000273   Thumb Code     0  startup_stm32f407xx.o(.text)
    I2C1_ER_IRQHandler                       0x08000273   Thumb Code     0  startup_stm32f407xx.o(.text)
    I2C1_EV_IRQHandler                       0x08000273   Thumb Code     0  startup_stm32f407xx.o(.text)
    I2C2_ER_IRQHandler                       0x08000273   Thumb Code     0  startup_stm32f407xx.o(.text)
    I2C2_EV_IRQHandler                       0x08000273   Thumb Code     0  startup_stm32f407xx.o(.text)
    I2C3_ER_IRQHandler                       0x08000273   Thumb Code     0  startup_stm32f407xx.o(.text)
    I2C3_EV_IRQHandler                       0x08000273   Thumb Code     0  startup_stm32f407xx.o(.text)
    OTG_FS_WKUP_IRQHandler                   0x08000273   Thumb Code     0  startup_stm32f407xx.o(.text)
    OTG_HS_EP1_IN_IRQHandler                 0x08000273   Thumb Code     0  startup_stm32f407xx.o(.text)
    OTG_HS_EP1_OUT_IRQHandler                0x08000273   Thumb Code     0  startup_stm32f407xx.o(.text)
    OTG_HS_IRQHandler                        0x08000273   Thumb Code     0  startup_stm32f407xx.o(.text)
    OTG_HS_WKUP_IRQHandler                   0x08000273   Thumb Code     0  startup_stm32f407xx.o(.text)
    PVD_IRQHandler                           0x08000273   Thumb Code     0  startup_stm32f407xx.o(.text)
    RCC_IRQHandler                           0x08000273   Thumb Code     0  startup_stm32f407xx.o(.text)
    RTC_Alarm_IRQHandler                     0x08000273   Thumb Code     0  startup_stm32f407xx.o(.text)
    RTC_WKUP_IRQHandler                      0x08000273   Thumb Code     0  startup_stm32f407xx.o(.text)
    SDIO_IRQHandler                          0x08000273   Thumb Code     0  startup_stm32f407xx.o(.text)
    SPI1_IRQHandler                          0x08000273   Thumb Code     0  startup_stm32f407xx.o(.text)
    SPI2_IRQHandler                          0x08000273   Thumb Code     0  startup_stm32f407xx.o(.text)
    SPI3_IRQHandler                          0x08000273   Thumb Code     0  startup_stm32f407xx.o(.text)
    TAMP_STAMP_IRQHandler                    0x08000273   Thumb Code     0  startup_stm32f407xx.o(.text)
    TIM1_BRK_TIM9_IRQHandler                 0x08000273   Thumb Code     0  startup_stm32f407xx.o(.text)
    TIM1_CC_IRQHandler                       0x08000273   Thumb Code     0  startup_stm32f407xx.o(.text)
    TIM1_TRG_COM_TIM11_IRQHandler            0x08000273   Thumb Code     0  startup_stm32f407xx.o(.text)
    TIM1_UP_TIM10_IRQHandler                 0x08000273   Thumb Code     0  startup_stm32f407xx.o(.text)
    TIM2_IRQHandler                          0x08000273   Thumb Code     0  startup_stm32f407xx.o(.text)
    TIM3_IRQHandler                          0x08000273   Thumb Code     0  startup_stm32f407xx.o(.text)
    TIM4_IRQHandler                          0x08000273   Thumb Code     0  startup_stm32f407xx.o(.text)
    TIM5_IRQHandler                          0x08000273   Thumb Code     0  startup_stm32f407xx.o(.text)
    TIM7_IRQHandler                          0x08000273   Thumb Code     0  startup_stm32f407xx.o(.text)
    TIM8_BRK_TIM12_IRQHandler                0x08000273   Thumb Code     0  startup_stm32f407xx.o(.text)
    TIM8_CC_IRQHandler                       0x08000273   Thumb Code     0  startup_stm32f407xx.o(.text)
    TIM8_TRG_COM_TIM14_IRQHandler            0x08000273   Thumb Code     0  startup_stm32f407xx.o(.text)
    TIM8_UP_TIM13_IRQHandler                 0x08000273   Thumb Code     0  startup_stm32f407xx.o(.text)
    UART4_IRQHandler                         0x08000273   Thumb Code     0  startup_stm32f407xx.o(.text)
    UART5_IRQHandler                         0x08000273   Thumb Code     0  startup_stm32f407xx.o(.text)
    USART1_IRQHandler                        0x08000273   Thumb Code     0  startup_stm32f407xx.o(.text)
    USART2_IRQHandler                        0x08000273   Thumb Code     0  startup_stm32f407xx.o(.text)
    USART3_IRQHandler                        0x08000273   Thumb Code     0  startup_stm32f407xx.o(.text)
    USART6_IRQHandler                        0x08000273   Thumb Code     0  startup_stm32f407xx.o(.text)
    WWDG_IRQHandler                          0x08000273   Thumb Code     0  startup_stm32f407xx.o(.text)
    __aeabi_uldivmod                         0x0800027d   Thumb Code    98  uldiv.o(.text)
    __aeabi_memcpy                           0x080002df   Thumb Code    36  memcpya.o(.text)
    __aeabi_memcpy4                          0x080002df   Thumb Code     0  memcpya.o(.text)
    __aeabi_memcpy8                          0x080002df   Thumb Code     0  memcpya.o(.text)
    __aeabi_llsl                             0x08000303   Thumb Code    30  llshl.o(.text)
    _ll_shift_l                              0x08000303   Thumb Code     0  llshl.o(.text)
    __aeabi_llsr                             0x08000321   Thumb Code    32  llushr.o(.text)
    _ll_ushift_r                             0x08000321   Thumb Code     0  llushr.o(.text)
    __scatterload                            0x08000341   Thumb Code    28  init.o(.text)
    __scatterload_rt2                        0x08000341   Thumb Code     0  init.o(.text)
    __decompress                             0x08000365   Thumb Code     0  __dczerorl2.o(.text)
    __decompress1                            0x08000365   Thumb Code    86  __dczerorl2.o(.text)
    BusFault_Handler                         0x080003bb   Thumb Code     2  stm32f4xx_it.o(i.BusFault_Handler)
    CDC_Transmit_FS                          0x08000439   Thumb Code    38  usbd_cdc_if.o(i.CDC_Transmit_FS)
    DebugMon_Handler                         0x08000465   Thumb Code     2  stm32f4xx_it.o(i.DebugMon_Handler)
    EXTI0_IRQHandler                         0x08000469   Thumb Code    48  stm32f4xx_it.o(i.EXTI0_IRQHandler)
    FLASH_Erase_Sector                       0x080004a5   Thumb Code    74  stm32f4xx_hal_flash_ex.o(i.FLASH_Erase_Sector)
    FLASH_Read                               0x08000585   Thumb Code    12  main.o(i.FLASH_Read)
    FLASH_WaitForLastOperation               0x08000601   Thumb Code    72  stm32f4xx_hal_flash.o(i.FLASH_WaitForLastOperation)
    FLASH_Write                              0x08000651   Thumb Code    46  main.o(i.FLASH_Write)
    HAL_Delay                                0x0800068d   Thumb Code    32  stm32f4xx_hal.o(i.HAL_Delay)
    HAL_FLASH_Lock                           0x080006b1   Thumb Code    14  stm32f4xx_hal_flash.o(i.HAL_FLASH_Lock)
    HAL_FLASH_Program                        0x080006c5   Thumb Code   116  stm32f4xx_hal_flash.o(i.HAL_FLASH_Program)
    HAL_FLASH_Unlock                         0x08000741   Thumb Code    32  stm32f4xx_hal_flash.o(i.HAL_FLASH_Unlock)
    HAL_GPIO_EXTI_Callback                   0x0800076d   Thumb Code     2  stm32f4xx_hal_gpio.o(i.HAL_GPIO_EXTI_Callback)
    HAL_GPIO_EXTI_IRQHandler                 0x08000771   Thumb Code    18  stm32f4xx_hal_gpio.o(i.HAL_GPIO_EXTI_IRQHandler)
    HAL_GPIO_Init                            0x08000789   Thumb Code   388  stm32f4xx_hal_gpio.o(i.HAL_GPIO_Init)
    HAL_GetTick                              0x08000939   Thumb Code     6  stm32f4xx_hal.o(i.HAL_GetTick)
    HAL_IncTick                              0x08000945   Thumb Code    12  stm32f4xx_hal.o(i.HAL_IncTick)
    HAL_Init                                 0x08000955   Thumb Code    48  stm32f4xx_hal.o(i.HAL_Init)
    HAL_InitTick                             0x08000989   Thumb Code   100  stm32f4xx_hal_timebase_tim.o(i.HAL_InitTick)
    HAL_MspInit                              0x080009fd   Thumb Code   126  stm32f4xx_hal_msp.o(i.HAL_MspInit)
    HAL_NVIC_EnableIRQ                       0x08000a81   Thumb Code    22  stm32f4xx_hal_cortex.o(i.HAL_NVIC_EnableIRQ)
    HAL_NVIC_SetPriority                     0x08000a99   Thumb Code    60  stm32f4xx_hal_cortex.o(i.HAL_NVIC_SetPriority)
    HAL_NVIC_SetPriorityGrouping             0x08000ad9   Thumb Code    26  stm32f4xx_hal_cortex.o(i.HAL_NVIC_SetPriorityGrouping)
    HAL_PCDEx_SetRxFiFo                      0x08000afd   Thumb Code     8  stm32f4xx_hal_pcd_ex.o(i.HAL_PCDEx_SetRxFiFo)
    HAL_PCDEx_SetTxFiFo                      0x08000b05   Thumb Code    68  stm32f4xx_hal_pcd_ex.o(i.HAL_PCDEx_SetTxFiFo)
    HAL_PCD_ConnectCallback                  0x08000b49   Thumb Code     8  usbd_conf.o(i.HAL_PCD_ConnectCallback)
    HAL_PCD_DataInStageCallback              0x08000b51   Thumb Code    18  usbd_conf.o(i.HAL_PCD_DataInStageCallback)
    HAL_PCD_DataOutStageCallback             0x08000b63   Thumb Code    20  usbd_conf.o(i.HAL_PCD_DataOutStageCallback)
    HAL_PCD_DisconnectCallback               0x08000b77   Thumb Code     8  usbd_conf.o(i.HAL_PCD_DisconnectCallback)
    HAL_PCD_EP_Close                         0x08000b7f   Thumb Code    68  stm32f4xx_hal_pcd.o(i.HAL_PCD_EP_Close)
    HAL_PCD_EP_ClrStall                      0x08000bc3   Thumb Code    80  stm32f4xx_hal_pcd.o(i.HAL_PCD_EP_ClrStall)
    HAL_PCD_EP_GetRxCount                    0x08000c13   Thumb Code    20  stm32f4xx_hal_pcd.o(i.HAL_PCD_EP_GetRxCount)
    HAL_PCD_EP_Open                          0x08000c27   Thumb Code    84  stm32f4xx_hal_pcd.o(i.HAL_PCD_EP_Open)
    HAL_PCD_EP_Receive                       0x08000c7b   Thumb Code    72  stm32f4xx_hal_pcd.o(i.HAL_PCD_EP_Receive)
    HAL_PCD_EP_SetStall                      0x08000cc3   Thumb Code    96  stm32f4xx_hal_pcd.o(i.HAL_PCD_EP_SetStall)
    HAL_PCD_EP_Transmit                      0x08000d23   Thumb Code    64  stm32f4xx_hal_pcd.o(i.HAL_PCD_EP_Transmit)
    HAL_PCD_IRQHandler                       0x08000d65   Thumb Code  1196  stm32f4xx_hal_pcd.o(i.HAL_PCD_IRQHandler)
    HAL_PCD_ISOINIncompleteCallback          0x08001259   Thumb Code     8  usbd_conf.o(i.HAL_PCD_ISOINIncompleteCallback)
    HAL_PCD_ISOOUTIncompleteCallback         0x08001261   Thumb Code     8  usbd_conf.o(i.HAL_PCD_ISOOUTIncompleteCallback)
    HAL_PCD_Init                             0x08001269   Thumb Code   190  stm32f4xx_hal_pcd.o(i.HAL_PCD_Init)
    HAL_PCD_MspInit                          0x08001329   Thumb Code    92  usbd_conf.o(i.HAL_PCD_MspInit)
    HAL_PCD_ResetCallback                    0x0800138d   Thumb Code    32  usbd_conf.o(i.HAL_PCD_ResetCallback)
    HAL_PCD_ResumeCallback                   0x080013ad   Thumb Code     8  usbd_conf.o(i.HAL_PCD_ResumeCallback)
    HAL_PCD_SOFCallback                      0x080013b5   Thumb Code     8  usbd_conf.o(i.HAL_PCD_SOFCallback)
    HAL_PCD_SetAddress                       0x080013bd   Thumb Code    36  stm32f4xx_hal_pcd.o(i.HAL_PCD_SetAddress)
    HAL_PCD_SetupStageCallback               0x080013e1   Thumb Code    14  usbd_conf.o(i.HAL_PCD_SetupStageCallback)
    HAL_PCD_Start                            0x080013ef   Thumb Code    42  stm32f4xx_hal_pcd.o(i.HAL_PCD_Start)
    HAL_PCD_SuspendCallback                  0x08001419   Thumb Code    44  usbd_conf.o(i.HAL_PCD_SuspendCallback)
    HAL_RCC_ClockConfig                      0x08001449   Thumb Code   286  stm32f4xx_hal_rcc.o(i.HAL_RCC_ClockConfig)
    HAL_RCC_GetClockConfig                   0x08001579   Thumb Code    54  stm32f4xx_hal_rcc.o(i.HAL_RCC_GetClockConfig)
    HAL_RCC_GetHCLKFreq                      0x080015b9   Thumb Code     6  stm32f4xx_hal_rcc.o(i.HAL_RCC_GetHCLKFreq)
    HAL_RCC_GetPCLK1Freq                     0x080015c5   Thumb Code    20  stm32f4xx_hal_rcc.o(i.HAL_RCC_GetPCLK1Freq)
    HAL_RCC_GetSysClockFreq                  0x080015e5   Thumb Code    88  stm32f4xx_hal_rcc.o(i.HAL_RCC_GetSysClockFreq)
    HAL_RCC_OscConfig                        0x08001645   Thumb Code   770  stm32f4xx_hal_rcc.o(i.HAL_RCC_OscConfig)
    HAL_SYSTICK_CLKSourceConfig              0x08001961   Thumb Code    24  stm32f4xx_hal_cortex.o(i.HAL_SYSTICK_CLKSourceConfig)
    HAL_SYSTICK_Config                       0x08001979   Thumb Code    40  stm32f4xx_hal_cortex.o(i.HAL_SYSTICK_Config)
    HAL_TIMEx_BreakCallback                  0x080019a1   Thumb Code     2  stm32f4xx_hal_tim_ex.o(i.HAL_TIMEx_BreakCallback)
    HAL_TIMEx_CommutationCallback            0x080019a3   Thumb Code     2  stm32f4xx_hal_tim_ex.o(i.HAL_TIMEx_CommutationCallback)
    HAL_TIMEx_MasterConfigSynchronization    0x080019a5   Thumb Code    80  stm32f4xx_hal_tim_ex.o(i.HAL_TIMEx_MasterConfigSynchronization)
    HAL_TIM_Base_Init                        0x080019f5   Thumb Code    54  stm32f4xx_hal_tim.o(i.HAL_TIM_Base_Init)
    HAL_TIM_Base_MspInit                     0x08001a2b   Thumb Code     2  stm32f4xx_hal_tim.o(i.HAL_TIM_Base_MspInit)
    HAL_TIM_Base_Start_IT                    0x08001a2d   Thumb Code    24  stm32f4xx_hal_tim.o(i.HAL_TIM_Base_Start_IT)
    HAL_TIM_IC_CaptureCallback               0x08001a45   Thumb Code     2  stm32f4xx_hal_tim.o(i.HAL_TIM_IC_CaptureCallback)
    HAL_TIM_IRQHandler                       0x08001a47   Thumb Code   358  stm32f4xx_hal_tim.o(i.HAL_TIM_IRQHandler)
    HAL_TIM_MspPostInit                      0x08001bad   Thumb Code    42  stm32f4xx_hal_msp.o(i.HAL_TIM_MspPostInit)
    HAL_TIM_OC_DelayElapsedCallback          0x08001be1   Thumb Code     2  stm32f4xx_hal_tim.o(i.HAL_TIM_OC_DelayElapsedCallback)
    HAL_TIM_PWM_ConfigChannel                0x08001be3   Thumb Code   208  stm32f4xx_hal_tim.o(i.HAL_TIM_PWM_ConfigChannel)
    HAL_TIM_PWM_Init                         0x08001cb3   Thumb Code    54  stm32f4xx_hal_tim.o(i.HAL_TIM_PWM_Init)
    HAL_TIM_PWM_MspInit                      0x08001ce9   Thumb Code    30  stm32f4xx_hal_msp.o(i.HAL_TIM_PWM_MspInit)
    HAL_TIM_PWM_PulseFinishedCallback        0x08001d11   Thumb Code     2  stm32f4xx_hal_tim.o(i.HAL_TIM_PWM_PulseFinishedCallback)
    HAL_TIM_PWM_Start                        0x08001d15   Thumb Code    48  stm32f4xx_hal_tim.o(i.HAL_TIM_PWM_Start)
    HAL_TIM_PeriodElapsedCallback            0x08001d4d   Thumb Code    14  main.o(i.HAL_TIM_PeriodElapsedCallback)
    HAL_TIM_TriggerCallback                  0x08001d61   Thumb Code     2  stm32f4xx_hal_tim.o(i.HAL_TIM_TriggerCallback)
    HardFault_Handler                        0x08001d63   Thumb Code     2  stm32f4xx_it.o(i.HardFault_Handler)
    MX_USB_DEVICE_Init                       0x08001e59   Thumb Code    38  usb_device.o(i.MX_USB_DEVICE_Init)
    MemManage_Handler                        0x08001e91   Thumb Code     2  stm32f4xx_it.o(i.MemManage_Handler)
    NMI_Handler                              0x08001e93   Thumb Code     2  stm32f4xx_it.o(i.NMI_Handler)
    OTG_FS_IRQHandler                        0x08001eb5   Thumb Code     6  stm32f4xx_it.o(i.OTG_FS_IRQHandler)
    StartDefaultTask                         0x08001f49   Thumb Code    76  main.o(i.StartDefaultTask)
    StartSaveTask                            0x08001fa1   Thumb Code    66  main.o(i.StartSaveTask)
    SysTick_Handler                          0x08001ff5   Thumb Code     4  stm32f4xx_it.o(i.SysTick_Handler)
    SystemClock_Config                       0x08001ff9   Thumb Code   150  main.o(i.SystemClock_Config)
    SystemInit                               0x08002099   Thumb Code    66  system_stm32f4xx.o(i.SystemInit)
    TIM6_DAC_IRQHandler                      0x080020ed   Thumb Code     6  stm32f4xx_it.o(i.TIM6_DAC_IRQHandler)
    TIM_Base_SetConfig                       0x080020f9   Thumb Code   148  stm32f4xx_hal_tim.o(i.TIM_Base_SetConfig)
    TIM_CCxChannelCmd                        0x080021b9   Thumb Code    22  stm32f4xx_hal_tim.o(i.TIM_CCxChannelCmd)
    TIM_OC2_SetConfig                        0x08002229   Thumb Code    90  stm32f4xx_hal_tim.o(i.TIM_OC2_SetConfig)
    USBD_CDC_GetDeviceQualifierDescriptor    0x080023e1   Thumb Code     8  usbd_cdc.o(i.USBD_CDC_GetDeviceQualifierDescriptor)
    USBD_CDC_ReceivePacket                   0x08002499   Thumb Code    40  usbd_cdc.o(i.USBD_CDC_ReceivePacket)
    USBD_CDC_RegisterInterface               0x080024c1   Thumb Code    16  usbd_cdc.o(i.USBD_CDC_RegisterInterface)
    USBD_CDC_SetRxBuffer                     0x080024d1   Thumb Code    12  usbd_cdc.o(i.USBD_CDC_SetRxBuffer)
    USBD_CDC_SetTxBuffer                     0x080024dd   Thumb Code    16  usbd_cdc.o(i.USBD_CDC_SetTxBuffer)
    USBD_CDC_TransmitPacket                  0x0800255d   Thumb Code    48  usbd_cdc.o(i.USBD_CDC_TransmitPacket)
    USBD_ClrClassConfig                      0x0800258d   Thumb Code    14  usbd_core.o(i.USBD_ClrClassConfig)
    USBD_CtlContinueRx                       0x0800259b   Thumb Code    16  usbd_ioreq.o(i.USBD_CtlContinueRx)
    USBD_CtlContinueSendData                 0x080025ab   Thumb Code    16  usbd_ioreq.o(i.USBD_CtlContinueSendData)
    USBD_CtlError                            0x080025bb   Thumb Code    22  usbd_ctlreq.o(i.USBD_CtlError)
    USBD_CtlPrepareRx                        0x080025d1   Thumb Code    30  usbd_ioreq.o(i.USBD_CtlPrepareRx)
    USBD_CtlReceiveStatus                    0x080025ef   Thumb Code    22  usbd_ioreq.o(i.USBD_CtlReceiveStatus)
    USBD_CtlSendData                         0x08002605   Thumb Code    26  usbd_ioreq.o(i.USBD_CtlSendData)
    USBD_CtlSendStatus                       0x0800261f   Thumb Code    22  usbd_ioreq.o(i.USBD_CtlSendStatus)
    USBD_FS_ConfigStrDescriptor              0x08002635   Thumb Code    16  usbd_desc.o(i.USBD_FS_ConfigStrDescriptor)
    USBD_FS_DeviceDescriptor                 0x08002655   Thumb Code     8  usbd_desc.o(i.USBD_FS_DeviceDescriptor)
    USBD_FS_InterfaceStrDescriptor           0x08002661   Thumb Code    16  usbd_desc.o(i.USBD_FS_InterfaceStrDescriptor)
    USBD_FS_LangIDStrDescriptor              0x08002685   Thumb Code     8  usbd_desc.o(i.USBD_FS_LangIDStrDescriptor)
    USBD_FS_ManufacturerStrDescriptor        0x08002691   Thumb Code    16  usbd_desc.o(i.USBD_FS_ManufacturerStrDescriptor)
    USBD_FS_ProductStrDescriptor             0x080026b9   Thumb Code    16  usbd_desc.o(i.USBD_FS_ProductStrDescriptor)
    USBD_FS_SerialStrDescriptor              0x080026e5   Thumb Code    16  usbd_desc.o(i.USBD_FS_SerialStrDescriptor)
    USBD_GetString                           0x080027e9   Thumb Code    70  usbd_ctlreq.o(i.USBD_GetString)
    USBD_Init                                0x0800282f   Thumb Code    42  usbd_core.o(i.USBD_Init)
    USBD_LL_ClearStallEP                     0x08002859   Thumb Code    32  usbd_conf.o(i.USBD_LL_ClearStallEP)
    USBD_LL_CloseEP                          0x08002879   Thumb Code    32  usbd_conf.o(i.USBD_LL_CloseEP)
    USBD_LL_DataInStage                      0x08002899   Thumb Code   170  usbd_core.o(i.USBD_LL_DataInStage)
    USBD_LL_DataOutStage                     0x08002943   Thumb Code   106  usbd_core.o(i.USBD_LL_DataOutStage)
    USBD_LL_DevConnected                     0x080029ad   Thumb Code     4  usbd_core.o(i.USBD_LL_DevConnected)
    USBD_LL_DevDisconnected                  0x080029b1   Thumb Code    22  usbd_core.o(i.USBD_LL_DevDisconnected)
    USBD_LL_GetRxDataSize                    0x080029c7   Thumb Code     8  usbd_conf.o(i.USBD_LL_GetRxDataSize)
    USBD_LL_Init                             0x080029d1   Thumb Code    98  usbd_conf.o(i.USBD_LL_Init)
    USBD_LL_IsStallEP                        0x08002a4d   Thumb Code    32  usbd_conf.o(i.USBD_LL_IsStallEP)
    USBD_LL_IsoINIncomplete                  0x08002a6d   Thumb Code     4  usbd_core.o(i.USBD_LL_IsoINIncomplete)
    USBD_LL_IsoOUTIncomplete                 0x08002a71   Thumb Code     4  usbd_core.o(i.USBD_LL_IsoOUTIncomplete)
    USBD_LL_OpenEP                           0x08002a75   Thumb Code    38  usbd_conf.o(i.USBD_LL_OpenEP)
    USBD_LL_PrepareReceive                   0x08002a9b   Thumb Code    32  usbd_conf.o(i.USBD_LL_PrepareReceive)
    USBD_LL_Reset                            0x08002abb   Thumb Code    62  usbd_core.o(i.USBD_LL_Reset)
    USBD_LL_Resume                           0x08002af9   Thumb Code    12  usbd_core.o(i.USBD_LL_Resume)
    USBD_LL_SOF                              0x08002b05   Thumb Code    24  usbd_core.o(i.USBD_LL_SOF)
    USBD_LL_SetSpeed                         0x08002b1d   Thumb Code     6  usbd_core.o(i.USBD_LL_SetSpeed)
    USBD_LL_SetUSBAddress                    0x08002b23   Thumb Code    32  usbd_conf.o(i.USBD_LL_SetUSBAddress)
    USBD_LL_SetupStage                       0x08002b43   Thumb Code    90  usbd_core.o(i.USBD_LL_SetupStage)
    USBD_LL_StallEP                          0x08002b9d   Thumb Code    32  usbd_conf.o(i.USBD_LL_StallEP)
    USBD_LL_Start                            0x08002bbd   Thumb Code    32  usbd_conf.o(i.USBD_LL_Start)
    USBD_LL_Suspend                          0x08002bdd   Thumb Code    18  usbd_core.o(i.USBD_LL_Suspend)
    USBD_LL_Transmit                         0x08002bef   Thumb Code    32  usbd_conf.o(i.USBD_LL_Transmit)
    USBD_ParseSetupRequest                   0x08002c0f   Thumb Code    40  usbd_ctlreq.o(i.USBD_ParseSetupRequest)
    USBD_RegisterClass                       0x08002c37   Thumb Code    16  usbd_core.o(i.USBD_RegisterClass)
    USBD_SetClassConfig                      0x08002c47   Thumb Code    22  usbd_core.o(i.USBD_SetClassConfig)
    USBD_Start                               0x08002cd1   Thumb Code    10  usbd_core.o(i.USBD_Start)
    USBD_StdDevReq                           0x08002cdb   Thumb Code   242  usbd_ctlreq.o(i.USBD_StdDevReq)
    USBD_StdEPReq                            0x08002dcd   Thumb Code   220  usbd_ctlreq.o(i.USBD_StdEPReq)
    USBD_StdItfReq                           0x08002ea9   Thumb Code    52  usbd_ctlreq.o(i.USBD_StdItfReq)
    USB_ActivateEndpoint                     0x08002edd   Thumb Code   122  stm32f4xx_ll_usb.o(i.USB_ActivateEndpoint)
    USB_ActivateSetup                        0x08002f5d   Thumb Code    52  stm32f4xx_ll_usb.o(i.USB_ActivateSetup)
    USB_CoreInit                             0x08002f91   Thumb Code   104  stm32f4xx_ll_usb.o(i.USB_CoreInit)
    USB_DeactivateEndpoint                   0x08003035   Thumb Code   196  stm32f4xx_ll_usb.o(i.USB_DeactivateEndpoint)
    USB_DevConnect                           0x080030fd   Thumb Code    24  stm32f4xx_ll_usb.o(i.USB_DevConnect)
    USB_DevDisconnect                        0x08003115   Thumb Code    24  stm32f4xx_ll_usb.o(i.USB_DevDisconnect)
    USB_DevInit                              0x0800312d   Thumb Code   302  stm32f4xx_ll_usb.o(i.USB_DevInit)
    USB_DisableGlobalInt                     0x0800326d   Thumb Code    12  stm32f4xx_ll_usb.o(i.USB_DisableGlobalInt)
    USB_EP0StartXfer                         0x08003279   Thumb Code   316  stm32f4xx_ll_usb.o(i.USB_EP0StartXfer)
    USB_EP0_OutStart                         0x080033b9   Thumb Code    62  stm32f4xx_ll_usb.o(i.USB_EP0_OutStart)
    USB_EPClearStall                         0x080033f7   Thumb Code   100  stm32f4xx_ll_usb.o(i.USB_EPClearStall)
    USB_EPSetStall                           0x0800345b   Thumb Code    94  stm32f4xx_ll_usb.o(i.USB_EPSetStall)
    USB_EPStartXfer                          0x080034b9   Thumb Code   534  stm32f4xx_ll_usb.o(i.USB_EPStartXfer)
    USB_EnableGlobalInt                      0x080036d5   Thumb Code    12  stm32f4xx_ll_usb.o(i.USB_EnableGlobalInt)
    USB_FlushRxFifo                          0x080036e1   Thumb Code    28  stm32f4xx_ll_usb.o(i.USB_FlushRxFifo)
    USB_FlushTxFifo                          0x08003701   Thumb Code    32  stm32f4xx_ll_usb.o(i.USB_FlushTxFifo)
    USB_GetDevSpeed                          0x08003725   Thumb Code    60  stm32f4xx_ll_usb.o(i.USB_GetDevSpeed)
    USB_GetMode                              0x08003761   Thumb Code     8  stm32f4xx_ll_usb.o(i.USB_GetMode)
    USB_ReadDevAllInEpInterrupt              0x08003769   Thumb Code    14  stm32f4xx_ll_usb.o(i.USB_ReadDevAllInEpInterrupt)
    USB_ReadDevAllOutEpInterrupt             0x08003777   Thumb Code    14  stm32f4xx_ll_usb.o(i.USB_ReadDevAllOutEpInterrupt)
    USB_ReadDevInEPInterrupt                 0x08003785   Thumb Code    30  stm32f4xx_ll_usb.o(i.USB_ReadDevInEPInterrupt)
    USB_ReadDevOutEPInterrupt                0x080037a3   Thumb Code    16  stm32f4xx_ll_usb.o(i.USB_ReadDevOutEPInterrupt)
    USB_ReadInterrupts                       0x080037b3   Thumb Code     8  stm32f4xx_ll_usb.o(i.USB_ReadInterrupts)
    USB_ReadPacket                           0x080037bb   Thumb Code    32  stm32f4xx_ll_usb.o(i.USB_ReadPacket)
    USB_SetCurrentMode                       0x080037db   Thumb Code    44  stm32f4xx_ll_usb.o(i.USB_SetCurrentMode)
    USB_SetDevAddress                        0x08003807   Thumb Code    34  stm32f4xx_ll_usb.o(i.USB_SetDevAddress)
    USB_WritePacket                          0x08003829   Thumb Code    40  stm32f4xx_ll_usb.o(i.USB_WritePacket)
    UsageFault_Handler                       0x08003851   Thumb Code     2  stm32f4xx_it.o(i.UsageFault_Handler)
    _Error_Handler                           0x08003853   Thumb Code     2  main.o(i._Error_Handler)
    __scatterload_copy                       0x08003855   Thumb Code    14  handlers.o(i.__scatterload_copy)
    __scatterload_null                       0x08003863   Thumb Code     2  handlers.o(i.__scatterload_null)
    __scatterload_zeroinit                   0x08003865   Thumb Code    14  handlers.o(i.__scatterload_zeroinit)
    free                                     0x08003875   Thumb Code    76  malloc.o(i.free)
    main                                     0x080038c5   Thumb Code   164  main.o(i.main)
    malloc                                   0x08003981   Thumb Code    92  malloc.o(i.malloc)
    osKernelStart                            0x080039ed   Thumb Code    10  cmsis_os.o(i.osKernelStart)
    osMessageCreate                          0x080039f7   Thumb Code     8  cmsis_os.o(i.osMessageCreate)
    osSystickHandler                         0x080039ff   Thumb Code    20  cmsis_os.o(i.osSystickHandler)
    osThreadCreate                           0x08003a13   Thumb Code    46  cmsis_os.o(i.osThreadCreate)
    pvPortMalloc                             0x08003e99   Thumb Code   210  heap_4.o(i.pvPortMalloc)
    pvTaskIncrementMutexHeldCount            0x08003f71   Thumb Code    18  tasks.o(i.pvTaskIncrementMutexHeldCount)
    pxPortInitialiseStack                    0x08003f89   Thumb Code    40  port.o(i.pxPortInitialiseStack)
    set_brightness                           0x08003fb5   Thumb Code    74  main.o(i.set_brightness)
    uxListRemove                             0x08004009   Thumb Code    36  list.o(i.uxListRemove)
    vListInitialise                          0x0800402d   Thumb Code    22  list.o(i.vListInitialise)
    vListInitialiseItem                      0x08004043   Thumb Code     6  list.o(i.vListInitialiseItem)
    vListInsert                              0x08004049   Thumb Code    48  list.o(i.vListInsert)
    vListInsertEnd                           0x08004079   Thumb Code    24  list.o(i.vListInsertEnd)
    vPortEnterCritical                       0x08004091   Thumb Code    54  port.o(i.vPortEnterCritical)
    vPortExitCritical                        0x080040d1   Thumb Code    34  port.o(i.vPortExitCritical)
    vPortFree                                0x080040f9   Thumb Code    88  heap_4.o(i.vPortFree)
    vPortSetupTimerInterrupt                 0x08004155   Thumb Code    26  port.o(i.vPortSetupTimerInterrupt)
    vPortValidateInterruptPriority           0x08004175   Thumb Code    74  port.o(i.vPortValidateInterruptPriority)
    vTaskMissedYield                         0x080041c9   Thumb Code     8  tasks.o(i.vTaskMissedYield)
    vTaskPlaceOnEventList                    0x080041d5   Thumb Code    44  tasks.o(i.vTaskPlaceOnEventList)
    vTaskPriorityInherit                     0x08004205   Thumb Code   124  tasks.o(i.vTaskPriorityInherit)
    vTaskSetTimeOutState                     0x08004289   Thumb Code    30  tasks.o(i.vTaskSetTimeOutState)
    vTaskStartScheduler                      0x080042ad   Thumb Code    86  tasks.o(i.vTaskStartScheduler)
    vTaskSuspendAll                          0x08004315   Thumb Code    10  tasks.o(i.vTaskSuspendAll)
    vTaskSwitchContext                       0x08004325   Thumb Code    82  tasks.o(i.vTaskSwitchContext)
    xPortStartScheduler                      0x08004381   Thumb Code   202  port.o(i.xPortStartScheduler)
    xPortSysTickHandler                      0x08004461   Thumb Code    38  port.o(i.xPortSysTickHandler)
    xQueueGenericCreate                      0x0800448d   Thumb Code    72  queue.o(i.xQueueGenericCreate)
    xQueueGenericReceive                     0x080044d5   Thumb Code   360  queue.o(i.xQueueGenericReceive)
    xQueueGenericReset                       0x08004641   Thumb Code   132  queue.o(i.xQueueGenericReset)
    xQueueGenericSend                        0x080046c9   Thumb Code   346  queue.o(i.xQueueGenericSend)
    xQueueGenericSendFromISR                 0x08004829   Thumb Code   188  queue.o(i.xQueueGenericSendFromISR)
    xQueueGiveFromISR                        0x080048e5   Thumb Code   156  queue.o(i.xQueueGiveFromISR)
    xTaskCheckForTimeOut                     0x08004981   Thumb Code   102  tasks.o(i.xTaskCheckForTimeOut)
    xTaskCreate                              0x080049ed   Thumb Code    86  tasks.o(i.xTaskCreate)
    xTaskGetSchedulerState                   0x08004a45   Thumb Code    22  tasks.o(i.xTaskGetSchedulerState)
    xTaskIncrementTick                       0x08004a61   Thumb Code   192  tasks.o(i.xTaskIncrementTick)
    xTaskPriorityDisinherit                  0x08004b29   Thumb Code   144  tasks.o(i.xTaskPriorityDisinherit)
    xTaskRemoveFromEventList                 0x08004bc1   Thumb Code   108  tasks.o(i.xTaskRemoveFromEventList)
    xTaskResumeAll                           0x08004c35   Thumb Code   182  tasks.o(i.xTaskResumeAll)
    AHBPrescTable                            0x08004d28   Data          16  system_stm32f4xx.o(.constdata)
    APBPrescTable                            0x08004d38   Data           8  system_stm32f4xx.o(.constdata)
    Region$$Table$$Base                      0x08004d58   Number         0  anon$$obj.o(Region$$Table)
    Region$$Table$$Limit                     0x08004d78   Number         0  anon$$obj.o(Region$$Table)
    defaultTaskHandle                        0x20000000   Data           4  main.o(.data)
    saveTaskHandle                           0x20000004   Data           4  main.o(.data)
    msgQueueHandle                           0x20000008   Data           4  main.o(.data)
    save_semaphore                           0x2000000c   Data           4  main.o(.data)
    array_semaphore                          0x20000010   Data           4  main.o(.data)
    brightness_percentage                    0x20000014   Data           4  main.o(.data)
    flash_buffer                             0x20000018   Data           4  main.o(.data)
    FS_Desc                                  0x2000001c   Data          28  usbd_desc.o(.data)
    USBD_LangIDDesc                          0x20000038   Data           4  usbd_desc.o(.data)
    USBD_FS_DeviceDesc                       0x2000003c   Data          18  usbd_desc.o(.data)
    USBD_Interface_fops_FS                   0x20000050   Data          16  usbd_cdc_if.o(.data)
    uwTickFreq                               0x20000068   Data           1  stm32f4xx_hal.o(.data)
    uwTickPrio                               0x2000006c   Data           4  stm32f4xx_hal.o(.data)
    uwTick                                   0x20000070   Data           4  stm32f4xx_hal.o(.data)
    SystemCoreClock                          0x20000074   Data           4  system_stm32f4xx.o(.data)
    pxCurrentTCB                             0x2000009c   Data           4  tasks.o(.data)
    USBD_CDC_CfgHSDesc                       0x200000ec   Data          67  usbd_cdc.o(.data)
    USBD_CDC_CfgFSDesc                       0x20000130   Data          67  usbd_cdc.o(.data)
    USBD_CDC_OtherSpeedCfgDesc               0x20000174   Data          67  usbd_cdc.o(.data)
    USBD_CDC                                 0x200001b8   Data          56  usbd_cdc.o(.data)
    __microlib_freelist                      0x200001f0   Data           4  mvars.o(.data)
    __microlib_freelist_initialised          0x200001f4   Data           4  mvars.o(.data)
    htim4                                    0x200001f8   Data          60  main.o(.bss)
    hUsbDeviceFS                             0x20000234   Data         548  usb_device.o(.bss)
    hpcd_USB_OTG_FS                          0x20000458   Data        1008  usbd_conf.o(.bss)
    USBD_StrDesc                             0x20000848   Data         512  usbd_desc.o(.bss)
    UserRxBufferFS                           0x20000a48   Data        2048  usbd_cdc_if.o(.bss)
    UserTxBufferFS                           0x20001248   Data        2048  usbd_cdc_if.o(.bss)
    htim6                                    0x20001a48   Data          60  stm32f4xx_hal_timebase_tim.o(.bss)
    pFlash                                   0x20001a84   Data          32  stm32f4xx_hal_flash.o(.bss)
    __heap_base                              0x20005798   Data           0  startup_stm32f407xx.o(HEAP)
    __heap_limit                             0x20005998   Data           0  startup_stm32f407xx.o(HEAP)
    __initial_sp                             0x20005d98   Data           0  startup_stm32f407xx.o(STACK)



==============================================================================

Memory Map of the image

  Image Entry point : 0x08000189

  Load Region LR_IROM1 (Base: 0x08000000, Size: 0x00004f70, Max: 0x00100000, ABSOLUTE, COMPRESSED[0x00004e40])

    Execution Region ER_IROM1 (Exec base: 0x08000000, Load base: 0x08000000, Size: 0x00004d78, Max: 0x00100000, ABSOLUTE)

    Exec Addr    Load Addr    Size         Type   Attr      Idx    E Section Name        Object

    0x08000000   0x08000000   0x00000188   Data   RO            3    RESET               startup_stm32f407xx.o
    0x08000188   0x08000188   0x00000000   Code   RO         4731  * .ARM.Collect$$$$00000000  mc_w.l(entry.o)
    0x08000188   0x08000188   0x00000004   Code   RO         4768    .ARM.Collect$$$$00000001  mc_w.l(entry2.o)
    0x0800018c   0x0800018c   0x00000004   Code   RO         4771    .ARM.Collect$$$$00000004  mc_w.l(entry5.o)
    0x08000190   0x08000190   0x00000000   Code   RO         4773    .ARM.Collect$$$$00000008  mc_w.l(entry7b.o)
    0x08000190   0x08000190   0x00000000   Code   RO         4775    .ARM.Collect$$$$0000000A  mc_w.l(entry8b.o)
    0x08000190   0x08000190   0x00000008   Code   RO         4776    .ARM.Collect$$$$0000000B  mc_w.l(entry9a.o)
    0x08000198   0x08000198   0x00000000   Code   RO         4778    .ARM.Collect$$$$0000000D  mc_w.l(entry10a.o)
    0x08000198   0x08000198   0x00000000   Code   RO         4780    .ARM.Collect$$$$0000000F  mc_w.l(entry11a.o)
    0x08000198   0x08000198   0x00000004   Code   RO         4769    .ARM.Collect$$$$00002712  mc_w.l(entry2.o)
    0x0800019c   0x0800019c   0x000000ba   Code   RO         3357    .emb_text           port.o
    0x08000256   0x08000256   0x00000002   PAD
    0x08000258   0x08000258   0x00000024   Code   RO            4    .text               startup_stm32f407xx.o
    0x0800027c   0x0800027c   0x00000062   Code   RO         4734    .text               mc_w.l(uldiv.o)
    0x080002de   0x080002de   0x00000024   Code   RO         4736    .text               mc_w.l(memcpya.o)
    0x08000302   0x08000302   0x0000001e   Code   RO         4782    .text               mc_w.l(llshl.o)
    0x08000320   0x08000320   0x00000020   Code   RO         4784    .text               mc_w.l(llushr.o)
    0x08000340   0x08000340   0x00000024   Code   RO         4788    .text               mc_w.l(init.o)
    0x08000364   0x08000364   0x00000056   Code   RO         4798    .text               mc_w.l(__dczerorl2.o)
    0x080003ba   0x080003ba   0x00000002   Code   RO          644    i.BusFault_Handler  stm32f4xx_it.o
    0x080003bc   0x080003bc   0x00000004   Code   RO          588    i.CDC_Control_FS    usbd_cdc_if.o
    0x080003c0   0x080003c0   0x00000004   Code   RO          589    i.CDC_DeInit_FS     usbd_cdc_if.o
    0x080003c4   0x080003c4   0x00000024   Code   RO          590    i.CDC_Init_FS       usbd_cdc_if.o
    0x080003e8   0x080003e8   0x00000050   Code   RO          591    i.CDC_Receive_FS    usbd_cdc_if.o
    0x08000438   0x08000438   0x0000002c   Code   RO          592    i.CDC_Transmit_FS   usbd_cdc_if.o
    0x08000464   0x08000464   0x00000002   Code   RO          645    i.DebugMon_Handler  stm32f4xx_it.o
    0x08000466   0x08000466   0x00000002   PAD
    0x08000468   0x08000468   0x0000003c   Code   RO          646    i.EXTI0_IRQHandler  stm32f4xx_it.o
    0x080004a4   0x080004a4   0x00000050   Code   RO         2481    i.FLASH_Erase_Sector  stm32f4xx_hal_flash_ex.o
    0x080004f4   0x080004f4   0x00000020   Code   RO         2363    i.FLASH_Program_Byte  stm32f4xx_hal_flash.o
    0x08000514   0x08000514   0x00000028   Code   RO         2364    i.FLASH_Program_DoubleWord  stm32f4xx_hal_flash.o
    0x0800053c   0x0800053c   0x00000024   Code   RO         2365    i.FLASH_Program_HalfWord  stm32f4xx_hal_flash.o
    0x08000560   0x08000560   0x00000024   Code   RO         2366    i.FLASH_Program_Word  stm32f4xx_hal_flash.o
    0x08000584   0x08000584   0x00000014   Code   RO           13    i.FLASH_Read        main.o
    0x08000598   0x08000598   0x00000068   Code   RO         2367    i.FLASH_SetErrorCode  stm32f4xx_hal_flash.o
    0x08000600   0x08000600   0x00000050   Code   RO         2368    i.FLASH_WaitForLastOperation  stm32f4xx_hal_flash.o
    0x08000650   0x08000650   0x0000003c   Code   RO           14    i.FLASH_Write       main.o
    0x0800068c   0x0800068c   0x00000024   Code   RO         3088    i.HAL_Delay         stm32f4xx_hal.o
    0x080006b0   0x080006b0   0x00000014   Code   RO         2372    i.HAL_FLASH_Lock    stm32f4xx_hal_flash.o
    0x080006c4   0x080006c4   0x0000007c   Code   RO         2377    i.HAL_FLASH_Program  stm32f4xx_hal_flash.o
    0x08000740   0x08000740   0x0000002c   Code   RO         2379    i.HAL_FLASH_Unlock  stm32f4xx_hal_flash.o
    0x0800076c   0x0800076c   0x00000002   Code   RO         2560    i.HAL_GPIO_EXTI_Callback  stm32f4xx_hal_gpio.o
    0x0800076e   0x0800076e   0x00000002   PAD
    0x08000770   0x08000770   0x00000018   Code   RO         2561    i.HAL_GPIO_EXTI_IRQHandler  stm32f4xx_hal_gpio.o
    0x08000788   0x08000788   0x000001b0   Code   RO         2562    i.HAL_GPIO_Init     stm32f4xx_hal_gpio.o
    0x08000938   0x08000938   0x0000000c   Code   RO         3094    i.HAL_GetTick       stm32f4xx_hal.o
    0x08000944   0x08000944   0x00000010   Code   RO         3098    i.HAL_IncTick       stm32f4xx_hal.o
    0x08000954   0x08000954   0x00000034   Code   RO         3099    i.HAL_Init          stm32f4xx_hal.o
    0x08000988   0x08000988   0x00000074   Code   RO          769    i.HAL_InitTick      stm32f4xx_hal_timebase_tim.o
    0x080009fc   0x080009fc   0x00000084   Code   RO          727    i.HAL_MspInit       stm32f4xx_hal_msp.o
    0x08000a80   0x08000a80   0x00000016   Code   RO         2951    i.HAL_NVIC_EnableIRQ  stm32f4xx_hal_cortex.o
    0x08000a96   0x08000a96   0x00000002   PAD
    0x08000a98   0x08000a98   0x00000040   Code   RO         2957    i.HAL_NVIC_SetPriority  stm32f4xx_hal_cortex.o
    0x08000ad8   0x08000ad8   0x00000024   Code   RO         2958    i.HAL_NVIC_SetPriorityGrouping  stm32f4xx_hal_cortex.o
    0x08000afc   0x08000afc   0x00000008   Code   RO         1024    i.HAL_PCDEx_SetRxFiFo  stm32f4xx_hal_pcd_ex.o
    0x08000b04   0x08000b04   0x00000044   Code   RO         1025    i.HAL_PCDEx_SetTxFiFo  stm32f4xx_hal_pcd_ex.o
    0x08000b48   0x08000b48   0x00000008   Code   RO          331    i.HAL_PCD_ConnectCallback  usbd_conf.o
    0x08000b50   0x08000b50   0x00000012   Code   RO          332    i.HAL_PCD_DataInStageCallback  usbd_conf.o
    0x08000b62   0x08000b62   0x00000014   Code   RO          333    i.HAL_PCD_DataOutStageCallback  usbd_conf.o
    0x08000b76   0x08000b76   0x00000008   Code   RO          334    i.HAL_PCD_DisconnectCallback  usbd_conf.o
    0x08000b7e   0x08000b7e   0x00000044   Code   RO          818    i.HAL_PCD_EP_Close  stm32f4xx_hal_pcd.o
    0x08000bc2   0x08000bc2   0x00000050   Code   RO          819    i.HAL_PCD_EP_ClrStall  stm32f4xx_hal_pcd.o
    0x08000c12   0x08000c12   0x00000014   Code   RO          821    i.HAL_PCD_EP_GetRxCount  stm32f4xx_hal_pcd.o
    0x08000c26   0x08000c26   0x00000054   Code   RO          822    i.HAL_PCD_EP_Open   stm32f4xx_hal_pcd.o
    0x08000c7a   0x08000c7a   0x00000048   Code   RO          823    i.HAL_PCD_EP_Receive  stm32f4xx_hal_pcd.o
    0x08000cc2   0x08000cc2   0x00000060   Code   RO          824    i.HAL_PCD_EP_SetStall  stm32f4xx_hal_pcd.o
    0x08000d22   0x08000d22   0x00000040   Code   RO          825    i.HAL_PCD_EP_Transmit  stm32f4xx_hal_pcd.o
    0x08000d62   0x08000d62   0x00000002   PAD
    0x08000d64   0x08000d64   0x000004f4   Code   RO          827    i.HAL_PCD_IRQHandler  stm32f4xx_hal_pcd.o
    0x08001258   0x08001258   0x00000008   Code   RO          335    i.HAL_PCD_ISOINIncompleteCallback  usbd_conf.o
    0x08001260   0x08001260   0x00000008   Code   RO          336    i.HAL_PCD_ISOOUTIncompleteCallback  usbd_conf.o
    0x08001268   0x08001268   0x000000be   Code   RO          830    i.HAL_PCD_Init      stm32f4xx_hal_pcd.o
    0x08001326   0x08001326   0x00000002   PAD
    0x08001328   0x08001328   0x00000064   Code   RO          338    i.HAL_PCD_MspInit   usbd_conf.o
    0x0800138c   0x0800138c   0x00000020   Code   RO          339    i.HAL_PCD_ResetCallback  usbd_conf.o
    0x080013ac   0x080013ac   0x00000008   Code   RO          340    i.HAL_PCD_ResumeCallback  usbd_conf.o
    0x080013b4   0x080013b4   0x00000008   Code   RO          341    i.HAL_PCD_SOFCallback  usbd_conf.o
    0x080013bc   0x080013bc   0x00000024   Code   RO          836    i.HAL_PCD_SetAddress  stm32f4xx_hal_pcd.o
    0x080013e0   0x080013e0   0x0000000e   Code   RO          342    i.HAL_PCD_SetupStageCallback  usbd_conf.o
    0x080013ee   0x080013ee   0x0000002a   Code   RO          838    i.HAL_PCD_Start     stm32f4xx_hal_pcd.o
    0x08001418   0x08001418   0x00000030   Code   RO          343    i.HAL_PCD_SuspendCallback  usbd_conf.o
    0x08001448   0x08001448   0x00000130   Code   RO         2208    i.HAL_RCC_ClockConfig  stm32f4xx_hal_rcc.o
    0x08001578   0x08001578   0x00000040   Code   RO         2212    i.HAL_RCC_GetClockConfig  stm32f4xx_hal_rcc.o
    0x080015b8   0x080015b8   0x0000000c   Code   RO         2213    i.HAL_RCC_GetHCLKFreq  stm32f4xx_hal_rcc.o
    0x080015c4   0x080015c4   0x00000020   Code   RO         2215    i.HAL_RCC_GetPCLK1Freq  stm32f4xx_hal_rcc.o
    0x080015e4   0x080015e4   0x00000060   Code   RO         2217    i.HAL_RCC_GetSysClockFreq  stm32f4xx_hal_rcc.o
    0x08001644   0x08001644   0x0000031c   Code   RO         2220    i.HAL_RCC_OscConfig  stm32f4xx_hal_rcc.o
    0x08001960   0x08001960   0x00000018   Code   RO         2960    i.HAL_SYSTICK_CLKSourceConfig  stm32f4xx_hal_cortex.o
    0x08001978   0x08001978   0x00000028   Code   RO         2962    i.HAL_SYSTICK_Config  stm32f4xx_hal_cortex.o
    0x080019a0   0x080019a0   0x00000002   Code   RO         1968    i.HAL_TIMEx_BreakCallback  stm32f4xx_hal_tim_ex.o
    0x080019a2   0x080019a2   0x00000002   Code   RO         1969    i.HAL_TIMEx_CommutationCallback  stm32f4xx_hal_tim_ex.o
    0x080019a4   0x080019a4   0x00000050   Code   RO         1985    i.HAL_TIMEx_MasterConfigSynchronization  stm32f4xx_hal_tim_ex.o
    0x080019f4   0x080019f4   0x00000036   Code   RO         1339    i.HAL_TIM_Base_Init  stm32f4xx_hal_tim.o
    0x08001a2a   0x08001a2a   0x00000002   Code   RO         1341    i.HAL_TIM_Base_MspInit  stm32f4xx_hal_tim.o
    0x08001a2c   0x08001a2c   0x00000018   Code   RO         1344    i.HAL_TIM_Base_Start_IT  stm32f4xx_hal_tim.o
    0x08001a44   0x08001a44   0x00000002   Code   RO         1368    i.HAL_TIM_IC_CaptureCallback  stm32f4xx_hal_tim.o
    0x08001a46   0x08001a46   0x00000166   Code   RO         1381    i.HAL_TIM_IRQHandler  stm32f4xx_hal_tim.o
    0x08001bac   0x08001bac   0x00000034   Code   RO          728    i.HAL_TIM_MspPostInit  stm32f4xx_hal_msp.o
    0x08001be0   0x08001be0   0x00000002   Code   RO         1384    i.HAL_TIM_OC_DelayElapsedCallback  stm32f4xx_hal_tim.o
    0x08001be2   0x08001be2   0x000000d0   Code   RO         1405    i.HAL_TIM_PWM_ConfigChannel  stm32f4xx_hal_tim.o
    0x08001cb2   0x08001cb2   0x00000036   Code   RO         1408    i.HAL_TIM_PWM_Init  stm32f4xx_hal_tim.o
    0x08001ce8   0x08001ce8   0x00000028   Code   RO          730    i.HAL_TIM_PWM_MspInit  stm32f4xx_hal_msp.o
    0x08001d10   0x08001d10   0x00000002   Code   RO         1411    i.HAL_TIM_PWM_PulseFinishedCallback  stm32f4xx_hal_tim.o
    0x08001d12   0x08001d12   0x00000002   PAD
    0x08001d14   0x08001d14   0x00000038   Code   RO         1412    i.HAL_TIM_PWM_Start  stm32f4xx_hal_tim.o
    0x08001d4c   0x08001d4c   0x00000014   Code   RO           15    i.HAL_TIM_PeriodElapsedCallback  main.o
    0x08001d60   0x08001d60   0x00000002   Code   RO         1422    i.HAL_TIM_TriggerCallback  stm32f4xx_hal_tim.o
    0x08001d62   0x08001d62   0x00000002   Code   RO          647    i.HardFault_Handler  stm32f4xx_it.o
    0x08001d64   0x08001d64   0x0000006c   Code   RO           16    i.MX_GPIO_Init      main.o
    0x08001dd0   0x08001dd0   0x00000088   Code   RO           17    i.MX_TIM4_Init      main.o
    0x08001e58   0x08001e58   0x00000038   Code   RO          294    i.MX_USB_DEVICE_Init  usb_device.o
    0x08001e90   0x08001e90   0x00000002   Code   RO          648    i.MemManage_Handler  stm32f4xx_it.o
    0x08001e92   0x08001e92   0x00000002   Code   RO          649    i.NMI_Handler       stm32f4xx_it.o
    0x08001e94   0x08001e94   0x00000020   Code   RO         2964    i.NVIC_SetPriority  stm32f4xx_hal_cortex.o
    0x08001eb4   0x08001eb4   0x0000000c   Code   RO          650    i.OTG_FS_IRQHandler  stm32f4xx_it.o
    0x08001ec0   0x08001ec0   0x00000088   Code   RO          841    i.PCD_WriteEmptyTxFifo  stm32f4xx_hal_pcd.o
    0x08001f48   0x08001f48   0x00000058   Code   RO           18    i.StartDefaultTask  main.o
    0x08001fa0   0x08001fa0   0x00000054   Code   RO           19    i.StartSaveTask     main.o
    0x08001ff4   0x08001ff4   0x00000004   Code   RO          651    i.SysTick_Handler   stm32f4xx_it.o
    0x08001ff8   0x08001ff8   0x000000a0   Code   RO           20    i.SystemClock_Config  main.o
    0x08002098   0x08002098   0x00000054   Code   RO         3253    i.SystemInit        system_stm32f4xx.o
    0x080020ec   0x080020ec   0x0000000c   Code   RO          652    i.TIM6_DAC_IRQHandler  stm32f4xx_it.o
    0x080020f8   0x080020f8   0x000000c0   Code   RO         1423    i.TIM_Base_SetConfig  stm32f4xx_hal_tim.o
    0x080021b8   0x080021b8   0x00000016   Code   RO         1424    i.TIM_CCxChannelCmd  stm32f4xx_hal_tim.o
    0x080021ce   0x080021ce   0x00000002   PAD
    0x080021d0   0x080021d0   0x00000058   Code   RO         1432    i.TIM_OC1_SetConfig  stm32f4xx_hal_tim.o
    0x08002228   0x08002228   0x00000064   Code   RO         1433    i.TIM_OC2_SetConfig  stm32f4xx_hal_tim.o
    0x0800228c   0x0800228c   0x00000060   Code   RO         1434    i.TIM_OC3_SetConfig  stm32f4xx_hal_tim.o
    0x080022ec   0x080022ec   0x00000050   Code   RO         1435    i.TIM_OC4_SetConfig  stm32f4xx_hal_tim.o
    0x0800233c   0x0800233c   0x00000014   Code   RO         4628    i.USBD_CDC_DataIn   usbd_cdc.o
    0x08002350   0x08002350   0x0000002e   Code   RO         4629    i.USBD_CDC_DataOut  usbd_cdc.o
    0x0800237e   0x0800237e   0x0000003c   Code   RO         4630    i.USBD_CDC_DeInit   usbd_cdc.o
    0x080023ba   0x080023ba   0x00000024   Code   RO         4631    i.USBD_CDC_EP0_RxReady  usbd_cdc.o
    0x080023de   0x080023de   0x00000002   PAD
    0x080023e0   0x080023e0   0x0000000c   Code   RO         4632    i.USBD_CDC_GetDeviceQualifierDescriptor  usbd_cdc.o
    0x080023ec   0x080023ec   0x0000000c   Code   RO         4633    i.USBD_CDC_GetFSCfgDesc  usbd_cdc.o
    0x080023f8   0x080023f8   0x0000000c   Code   RO         4634    i.USBD_CDC_GetHSCfgDesc  usbd_cdc.o
    0x08002404   0x08002404   0x0000000c   Code   RO         4635    i.USBD_CDC_GetOtherSpeedCfgDesc  usbd_cdc.o
    0x08002410   0x08002410   0x00000088   Code   RO         4636    i.USBD_CDC_Init     usbd_cdc.o
    0x08002498   0x08002498   0x00000028   Code   RO         4637    i.USBD_CDC_ReceivePacket  usbd_cdc.o
    0x080024c0   0x080024c0   0x00000010   Code   RO         4638    i.USBD_CDC_RegisterInterface  usbd_cdc.o
    0x080024d0   0x080024d0   0x0000000c   Code   RO         4639    i.USBD_CDC_SetRxBuffer  usbd_cdc.o
    0x080024dc   0x080024dc   0x00000010   Code   RO         4640    i.USBD_CDC_SetTxBuffer  usbd_cdc.o
    0x080024ec   0x080024ec   0x00000070   Code   RO         4641    i.USBD_CDC_Setup    usbd_cdc.o
    0x0800255c   0x0800255c   0x00000030   Code   RO         4642    i.USBD_CDC_TransmitPacket  usbd_cdc.o
    0x0800258c   0x0800258c   0x0000000e   Code   RO         4365    i.USBD_ClrClassConfig  usbd_core.o
    0x0800259a   0x0800259a   0x00000010   Code   RO         4568    i.USBD_CtlContinueRx  usbd_ioreq.o
    0x080025aa   0x080025aa   0x00000010   Code   RO         4569    i.USBD_CtlContinueSendData  usbd_ioreq.o
    0x080025ba   0x080025ba   0x00000016   Code   RO         4503    i.USBD_CtlError     usbd_ctlreq.o
    0x080025d0   0x080025d0   0x0000001e   Code   RO         4570    i.USBD_CtlPrepareRx  usbd_ioreq.o
    0x080025ee   0x080025ee   0x00000016   Code   RO         4571    i.USBD_CtlReceiveStatus  usbd_ioreq.o
    0x08002604   0x08002604   0x0000001a   Code   RO         4572    i.USBD_CtlSendData  usbd_ioreq.o
    0x0800261e   0x0800261e   0x00000016   Code   RO         4573    i.USBD_CtlSendStatus  usbd_ioreq.o
    0x08002634   0x08002634   0x00000020   Code   RO          520    i.USBD_FS_ConfigStrDescriptor  usbd_desc.o
    0x08002654   0x08002654   0x0000000c   Code   RO          521    i.USBD_FS_DeviceDescriptor  usbd_desc.o
    0x08002660   0x08002660   0x00000024   Code   RO          522    i.USBD_FS_InterfaceStrDescriptor  usbd_desc.o
    0x08002684   0x08002684   0x0000000c   Code   RO          523    i.USBD_FS_LangIDStrDescriptor  usbd_desc.o
    0x08002690   0x08002690   0x00000028   Code   RO          524    i.USBD_FS_ManufacturerStrDescriptor  usbd_desc.o
    0x080026b8   0x080026b8   0x0000002c   Code   RO          525    i.USBD_FS_ProductStrDescriptor  usbd_desc.o
    0x080026e4   0x080026e4   0x00000024   Code   RO          526    i.USBD_FS_SerialStrDescriptor  usbd_desc.o
    0x08002708   0x08002708   0x000000e0   Code   RO         4504    i.USBD_GetDescriptor  usbd_ctlreq.o
    0x080027e8   0x080027e8   0x00000046   Code   RO         4505    i.USBD_GetString    usbd_ctlreq.o
    0x0800282e   0x0800282e   0x0000002a   Code   RO         4367    i.USBD_Init         usbd_core.o
    0x08002858   0x08002858   0x00000020   Code   RO          344    i.USBD_LL_ClearStallEP  usbd_conf.o
    0x08002878   0x08002878   0x00000020   Code   RO          345    i.USBD_LL_CloseEP   usbd_conf.o
    0x08002898   0x08002898   0x000000aa   Code   RO         4368    i.USBD_LL_DataInStage  usbd_core.o
    0x08002942   0x08002942   0x0000006a   Code   RO         4369    i.USBD_LL_DataOutStage  usbd_core.o
    0x080029ac   0x080029ac   0x00000004   Code   RO         4370    i.USBD_LL_DevConnected  usbd_core.o
    0x080029b0   0x080029b0   0x00000016   Code   RO         4371    i.USBD_LL_DevDisconnected  usbd_core.o
    0x080029c6   0x080029c6   0x00000008   Code   RO          349    i.USBD_LL_GetRxDataSize  usbd_conf.o
    0x080029ce   0x080029ce   0x00000002   PAD
    0x080029d0   0x080029d0   0x0000007c   Code   RO          350    i.USBD_LL_Init      usbd_conf.o
    0x08002a4c   0x08002a4c   0x00000020   Code   RO          351    i.USBD_LL_IsStallEP  usbd_conf.o
    0x08002a6c   0x08002a6c   0x00000004   Code   RO         4372    i.USBD_LL_IsoINIncomplete  usbd_core.o
    0x08002a70   0x08002a70   0x00000004   Code   RO         4373    i.USBD_LL_IsoOUTIncomplete  usbd_core.o
    0x08002a74   0x08002a74   0x00000026   Code   RO          352    i.USBD_LL_OpenEP    usbd_conf.o
    0x08002a9a   0x08002a9a   0x00000020   Code   RO          353    i.USBD_LL_PrepareReceive  usbd_conf.o
    0x08002aba   0x08002aba   0x0000003e   Code   RO         4374    i.USBD_LL_Reset     usbd_core.o
    0x08002af8   0x08002af8   0x0000000c   Code   RO         4375    i.USBD_LL_Resume    usbd_core.o
    0x08002b04   0x08002b04   0x00000018   Code   RO         4376    i.USBD_LL_SOF       usbd_core.o
    0x08002b1c   0x08002b1c   0x00000006   Code   RO         4377    i.USBD_LL_SetSpeed  usbd_core.o
    0x08002b22   0x08002b22   0x00000020   Code   RO          354    i.USBD_LL_SetUSBAddress  usbd_conf.o
    0x08002b42   0x08002b42   0x0000005a   Code   RO         4378    i.USBD_LL_SetupStage  usbd_core.o
    0x08002b9c   0x08002b9c   0x00000020   Code   RO          355    i.USBD_LL_StallEP   usbd_conf.o
    0x08002bbc   0x08002bbc   0x00000020   Code   RO          356    i.USBD_LL_Start     usbd_conf.o
    0x08002bdc   0x08002bdc   0x00000012   Code   RO         4379    i.USBD_LL_Suspend   usbd_core.o
    0x08002bee   0x08002bee   0x00000020   Code   RO          358    i.USBD_LL_Transmit  usbd_conf.o
    0x08002c0e   0x08002c0e   0x00000028   Code   RO         4506    i.USBD_ParseSetupRequest  usbd_ctlreq.o
    0x08002c36   0x08002c36   0x00000010   Code   RO         4380    i.USBD_RegisterClass  usbd_core.o
    0x08002c46   0x08002c46   0x00000016   Code   RO         4382    i.USBD_SetClassConfig  usbd_core.o
    0x08002c5c   0x08002c5c   0x00000074   Code   RO         4507    i.USBD_SetConfig    usbd_ctlreq.o
    0x08002cd0   0x08002cd0   0x0000000a   Code   RO         4383    i.USBD_Start        usbd_core.o
    0x08002cda   0x08002cda   0x000000f2   Code   RO         4508    i.USBD_StdDevReq    usbd_ctlreq.o
    0x08002dcc   0x08002dcc   0x000000dc   Code   RO         4509    i.USBD_StdEPReq     usbd_ctlreq.o
    0x08002ea8   0x08002ea8   0x00000034   Code   RO         4510    i.USBD_StdItfReq    usbd_ctlreq.o
    0x08002edc   0x08002edc   0x00000080   Code   RO         1055    i.USB_ActivateEndpoint  stm32f4xx_ll_usb.o
    0x08002f5c   0x08002f5c   0x00000034   Code   RO         1056    i.USB_ActivateSetup  stm32f4xx_ll_usb.o
    0x08002f90   0x08002f90   0x0000006c   Code   RO         1058    i.USB_CoreInit      stm32f4xx_ll_usb.o
    0x08002ffc   0x08002ffc   0x00000038   Code   RO         1059    i.USB_CoreReset     stm32f4xx_ll_usb.o
    0x08003034   0x08003034   0x000000c8   Code   RO         1061    i.USB_DeactivateEndpoint  stm32f4xx_ll_usb.o
    0x080030fc   0x080030fc   0x00000018   Code   RO         1062    i.USB_DevConnect    stm32f4xx_ll_usb.o
    0x08003114   0x08003114   0x00000018   Code   RO         1063    i.USB_DevDisconnect  stm32f4xx_ll_usb.o
    0x0800312c   0x0800312c   0x00000140   Code   RO         1064    i.USB_DevInit       stm32f4xx_ll_usb.o
    0x0800326c   0x0800326c   0x0000000c   Code   RO         1065    i.USB_DisableGlobalInt  stm32f4xx_ll_usb.o
    0x08003278   0x08003278   0x00000140   Code   RO         1068    i.USB_EP0StartXfer  stm32f4xx_ll_usb.o
    0x080033b8   0x080033b8   0x0000003e   Code   RO         1069    i.USB_EP0_OutStart  stm32f4xx_ll_usb.o
    0x080033f6   0x080033f6   0x00000064   Code   RO         1070    i.USB_EPClearStall  stm32f4xx_ll_usb.o
    0x0800345a   0x0800345a   0x0000005e   Code   RO         1071    i.USB_EPSetStall    stm32f4xx_ll_usb.o
    0x080034b8   0x080034b8   0x0000021c   Code   RO         1072    i.USB_EPStartXfer   stm32f4xx_ll_usb.o
    0x080036d4   0x080036d4   0x0000000c   Code   RO         1073    i.USB_EnableGlobalInt  stm32f4xx_ll_usb.o
    0x080036e0   0x080036e0   0x00000020   Code   RO         1074    i.USB_FlushRxFifo   stm32f4xx_ll_usb.o
    0x08003700   0x08003700   0x00000024   Code   RO         1075    i.USB_FlushTxFifo   stm32f4xx_ll_usb.o
    0x08003724   0x08003724   0x0000003c   Code   RO         1077    i.USB_GetDevSpeed   stm32f4xx_ll_usb.o
    0x08003760   0x08003760   0x00000008   Code   RO         1079    i.USB_GetMode       stm32f4xx_ll_usb.o
    0x08003768   0x08003768   0x0000000e   Code   RO         1086    i.USB_ReadDevAllInEpInterrupt  stm32f4xx_ll_usb.o
    0x08003776   0x08003776   0x0000000e   Code   RO         1087    i.USB_ReadDevAllOutEpInterrupt  stm32f4xx_ll_usb.o
    0x08003784   0x08003784   0x0000001e   Code   RO         1088    i.USB_ReadDevInEPInterrupt  stm32f4xx_ll_usb.o
    0x080037a2   0x080037a2   0x00000010   Code   RO         1089    i.USB_ReadDevOutEPInterrupt  stm32f4xx_ll_usb.o
    0x080037b2   0x080037b2   0x00000008   Code   RO         1090    i.USB_ReadInterrupts  stm32f4xx_ll_usb.o
    0x080037ba   0x080037ba   0x00000020   Code   RO         1091    i.USB_ReadPacket    stm32f4xx_ll_usb.o
    0x080037da   0x080037da   0x0000002c   Code   RO         1093    i.USB_SetCurrentMode  stm32f4xx_ll_usb.o
    0x08003806   0x08003806   0x00000022   Code   RO         1094    i.USB_SetDevAddress  stm32f4xx_ll_usb.o
    0x08003828   0x08003828   0x00000028   Code   RO         1098    i.USB_WritePacket   stm32f4xx_ll_usb.o
    0x08003850   0x08003850   0x00000002   Code   RO          653    i.UsageFault_Handler  stm32f4xx_it.o
    0x08003852   0x08003852   0x00000002   Code   RO           21    i._Error_Handler    main.o
    0x08003854   0x08003854   0x0000000e   Code   RO         4792    i.__scatterload_copy  mc_w.l(handlers.o)
    0x08003862   0x08003862   0x00000002   Code   RO         4793    i.__scatterload_null  mc_w.l(handlers.o)
    0x08003864   0x08003864   0x0000000e   Code   RO         4794    i.__scatterload_zeroinit  mc_w.l(handlers.o)
    0x08003872   0x08003872   0x00000002   PAD
    0x08003874   0x08003874   0x00000050   Code   RO         4740    i.free              mc_w.l(malloc.o)
    0x080038c4   0x080038c4   0x000000b0   Code   RO           22    i.main              main.o
    0x08003974   0x08003974   0x0000000c   Code   RO         3989    i.makeFreeRtosPriority  cmsis_os.o
    0x08003980   0x08003980   0x0000006c   Code   RO         4741    i.malloc            mc_w.l(malloc.o)
    0x080039ec   0x080039ec   0x0000000a   Code   RO         3994    i.osKernelStart     cmsis_os.o
    0x080039f6   0x080039f6   0x00000008   Code   RO         4003    i.osMessageCreate   cmsis_os.o
    0x080039fe   0x080039fe   0x00000014   Code   RO         4027    i.osSystickHandler  cmsis_os.o
    0x08003a12   0x08003a12   0x0000002e   Code   RO         4028    i.osThreadCreate    cmsis_os.o
    0x08003a40   0x08003a40   0x00000070   Code   RO         3700    i.prvAddCurrentTaskToDelayedList  tasks.o
    0x08003ab0   0x08003ab0   0x000000d0   Code   RO         3701    i.prvAddNewTaskToReadyList  tasks.o
    0x08003b80   0x08003b80   0x00000050   Code   RO         3702    i.prvCheckTasksWaitingTermination  tasks.o
    0x08003bd0   0x08003bd0   0x00000026   Code   RO         3560    i.prvCopyDataFromQueue  queue.o
    0x08003bf6   0x08003bf6   0x0000006c   Code   RO         3561    i.prvCopyDataToQueue  queue.o
    0x08003c62   0x08003c62   0x00000014   Code   RO         3703    i.prvDeleteTCB      tasks.o
    0x08003c76   0x08003c76   0x00000002   PAD
    0x08003c78   0x08003c78   0x0000004c   Code   RO         3287    i.prvHeapInit       heap_4.o
    0x08003cc4   0x08003cc4   0x00000028   Code   RO         3704    i.prvIdleTask       tasks.o
    0x08003cec   0x08003cec   0x0000008e   Code   RO         3705    i.prvInitialiseNewTask  tasks.o
    0x08003d7a   0x08003d7a   0x00000002   PAD
    0x08003d7c   0x08003d7c   0x0000004c   Code   RO         3288    i.prvInsertBlockIntoFreeList  heap_4.o
    0x08003dc8   0x08003dc8   0x0000001c   Code   RO         3562    i.prvIsQueueEmpty   queue.o
    0x08003de4   0x08003de4   0x00000020   Code   RO         3706    i.prvResetNextTaskUnblockTime  tasks.o
    0x08003e04   0x08003e04   0x00000028   Code   RO         3358    i.prvTaskExitError  port.o
    0x08003e2c   0x08003e2c   0x0000006a   Code   RO         3563    i.prvUnlockQueue    queue.o
    0x08003e96   0x08003e96   0x00000002   PAD
    0x08003e98   0x08003e98   0x000000d8   Code   RO         3289    i.pvPortMalloc      heap_4.o
    0x08003f70   0x08003f70   0x00000018   Code   RO         3708    i.pvTaskIncrementMutexHeldCount  tasks.o
    0x08003f88   0x08003f88   0x0000002c   Code   RO         3359    i.pxPortInitialiseStack  port.o
    0x08003fb4   0x08003fb4   0x00000054   Code   RO           23    i.set_brightness    main.o
    0x08004008   0x08004008   0x00000024   Code   RO         3523    i.uxListRemove      list.o
    0x0800402c   0x0800402c   0x00000016   Code   RO         3524    i.vListInitialise   list.o
    0x08004042   0x08004042   0x00000006   Code   RO         3525    i.vListInitialiseItem  list.o
    0x08004048   0x08004048   0x00000030   Code   RO         3526    i.vListInsert       list.o
    0x08004078   0x08004078   0x00000018   Code   RO         3527    i.vListInsertEnd    list.o
    0x08004090   0x08004090   0x00000040   Code   RO         3361    i.vPortEnterCritical  port.o
    0x080040d0   0x080040d0   0x00000028   Code   RO         3362    i.vPortExitCritical  port.o
    0x080040f8   0x080040f8   0x0000005c   Code   RO         3290    i.vPortFree         heap_4.o
    0x08004154   0x08004154   0x00000020   Code   RO         3363    i.vPortSetupTimerInterrupt  port.o
    0x08004174   0x08004174   0x00000054   Code   RO         3364    i.vPortValidateInterruptPriority  port.o
    0x080041c8   0x080041c8   0x0000000c   Code   RO         3717    i.vTaskMissedYield  tasks.o
    0x080041d4   0x080041d4   0x00000030   Code   RO         3719    i.vTaskPlaceOnEventList  tasks.o
    0x08004204   0x08004204   0x00000084   Code   RO         3721    i.vTaskPriorityInherit  tasks.o
    0x08004288   0x08004288   0x00000024   Code   RO         3724    i.vTaskSetTimeOutState  tasks.o
    0x080042ac   0x080042ac   0x00000068   Code   RO         3725    i.vTaskStartScheduler  tasks.o
    0x08004314   0x08004314   0x00000010   Code   RO         3727    i.vTaskSuspendAll   tasks.o
    0x08004324   0x08004324   0x0000005c   Code   RO         3728    i.vTaskSwitchContext  tasks.o
    0x08004380   0x08004380   0x000000e0   Code   RO         3365    i.xPortStartScheduler  port.o
    0x08004460   0x08004460   0x0000002c   Code   RO         3366    i.xPortSysTickHandler  port.o
    0x0800448c   0x0800448c   0x00000048   Code   RO         3571    i.xQueueGenericCreate  queue.o
    0x080044d4   0x080044d4   0x0000016c   Code   RO         3572    i.xQueueGenericReceive  queue.o
    0x08004640   0x08004640   0x00000088   Code   RO         3573    i.xQueueGenericReset  queue.o
    0x080046c8   0x080046c8   0x00000160   Code   RO         3574    i.xQueueGenericSend  queue.o
    0x08004828   0x08004828   0x000000bc   Code   RO         3575    i.xQueueGenericSendFromISR  queue.o
    0x080048e4   0x080048e4   0x0000009c   Code   RO         3576    i.xQueueGiveFromISR  queue.o
    0x08004980   0x08004980   0x0000006c   Code   RO         3729    i.xTaskCheckForTimeOut  tasks.o
    0x080049ec   0x080049ec   0x00000056   Code   RO         3730    i.xTaskCreate       tasks.o
    0x08004a42   0x08004a42   0x00000002   PAD
    0x08004a44   0x08004a44   0x0000001c   Code   RO         3734    i.xTaskGetSchedulerState  tasks.o
    0x08004a60   0x08004a60   0x000000c8   Code   RO         3737    i.xTaskIncrementTick  tasks.o
    0x08004b28   0x08004b28   0x00000098   Code   RO         3740    i.xTaskPriorityDisinherit  tasks.o
    0x08004bc0   0x08004bc0   0x00000074   Code   RO         3741    i.xTaskRemoveFromEventList  tasks.o
    0x08004c34   0x08004c34   0x000000c4   Code   RO         3743    i.xTaskResumeAll    tasks.o
    0x08004cf8   0x08004cf8   0x00000030   Data   RO           25    .constdata          main.o
    0x08004d28   0x08004d28   0x00000010   Data   RO         3254    .constdata          system_stm32f4xx.o
    0x08004d38   0x08004d38   0x00000008   Data   RO         3255    .constdata          system_stm32f4xx.o
    0x08004d40   0x08004d40   0x00000018   Data   RO           26    .conststring        main.o
    0x08004d58   0x08004d58   0x00000020   Data   RO         4790    Region$$Table       anon$$obj.o


    Execution Region RW_IRAM1 (Exec base: 0x20000000, Load base: 0x08004d78, Size: 0x00005d98, Max: 0x00020000, ABSOLUTE, COMPRESSED[0x000000c8])

    Exec Addr    Load Addr    Size         Type   Attr      Idx    E Section Name        Object

    0x20000000   COMPRESSED   0x0000001c   Data   RW           27    .data               main.o
    0x2000001c   COMPRESSED   0x0000001c   Data   RW          528    .data               usbd_desc.o
    0x20000038   COMPRESSED   0x00000016   Data   RW          529    .data               usbd_desc.o
    0x2000004e   COMPRESSED   0x00000002   PAD
    0x20000050   COMPRESSED   0x00000010   Data   RW          594    .data               usbd_cdc_if.o
    0x20000060   COMPRESSED   0x00000004   Data   RW          595    .data               usbd_cdc_if.o
    0x20000064   COMPRESSED   0x00000004   Data   RW          654    .data               stm32f4xx_it.o
    0x20000068   COMPRESSED   0x0000000c   Data   RW         3106    .data               stm32f4xx_hal.o
    0x20000074   COMPRESSED   0x00000004   Data   RW         3256    .data               system_stm32f4xx.o
    0x20000078   COMPRESSED   0x00000018   Data   RW         3295    .data               heap_4.o
    0x20000090   COMPRESSED   0x0000000c   Data   RW         3367    .data               port.o
    0x2000009c   COMPRESSED   0x0000003c   Data   RW         3746    .data               tasks.o
    0x200000d8   COMPRESSED   0x00000001   Data   RW         4511    .data               usbd_ctlreq.o
    0x200000d9   COMPRESSED   0x00000003   PAD
    0x200000dc   COMPRESSED   0x000000db   Data   RW         4643    .data               usbd_cdc.o
    0x200001b7   COMPRESSED   0x00000001   PAD
    0x200001b8   COMPRESSED   0x00000038   Data   RW         4644    .data               usbd_cdc.o
    0x200001f0   COMPRESSED   0x00000004   Data   RW         4786    .data               mc_w.l(mvars.o)
    0x200001f4   COMPRESSED   0x00000004   Data   RW         4787    .data               mc_w.l(mvars.o)
    0x200001f8        -       0x0000003c   Zero   RW           24    .bss                main.o
    0x20000234        -       0x00000224   Zero   RW          295    .bss                usb_device.o
    0x20000458        -       0x000003f0   Zero   RW          359    .bss                usbd_conf.o
    0x20000848        -       0x00000200   Zero   RW          527    .bss                usbd_desc.o
    0x20000a48        -       0x00001000   Zero   RW          593    .bss                usbd_cdc_if.o
    0x20001a48        -       0x0000003c   Zero   RW          772    .bss                stm32f4xx_hal_timebase_tim.o
    0x20001a84        -       0x00000020   Zero   RW         2380    .bss                stm32f4xx_hal_flash.o
    0x20001aa4        -       0x00003c00   Zero   RW         3294    .bss                heap_4.o
    0x200056a4        -       0x000000f0   Zero   RW         3745    .bss                tasks.o
    0x20005794   COMPRESSED   0x00000004   PAD
    0x20005798        -       0x00000200   Zero   RW            2    HEAP                startup_stm32f407xx.o
    0x20005998        -       0x00000400   Zero   RW            1    STACK               startup_stm32f407xx.o


==============================================================================

Image component sizes


      Code (inc. data)   RO Data    RW Data    ZI Data      Debug   Object Name

        96          0          0          0          0      13368   cmsis_os.o
         0          0          0          0          0       8084   event_groups.o
       460         24          0         24      15360       8879   heap_4.o
       136          0          0          0          0       3610   list.o
       938        114         72         28         60     715631   main.o
       758         84          0         12          0      12017   port.o
      1548         14          0          0          0      13889   queue.o
        36          8        392          0       1536        844   startup_stm32f407xx.o
       116         18          0         12          0       3950   stm32f4xx_hal.o
       218         14          0          0          0      31105   stm32f4xx_hal_cortex.o
       516         66          0          0         32       6710   stm32f4xx_hal_flash.o
        80          6          0          0          0        749   stm32f4xx_hal_flash_ex.o
       458         50          0          0          0       2988   stm32f4xx_hal_gpio.o
       224         26          0          0          0       2170   stm32f4xx_hal_msp.o
      2156         72          0          0          0      11481   stm32f4xx_hal_pcd.o
        76          0          0          0          0       1880   stm32f4xx_hal_pcd_ex.o
      1304         80          0          0          0       5766   stm32f4xx_hal_rcc.o
      1342         88          0          0          0      13117   stm32f4xx_hal_tim.o
        84          0          0          0          0       2458   stm32f4xx_hal_tim_ex.o
       116         16          0          0         60       1480   stm32f4xx_hal_timebase_tim.o
       100         24          0          4          0       4772   stm32f4xx_it.o
      2420         56          0          0          0      20708   stm32f4xx_ll_usb.o
        84         18         24          4          0       1195   system_stm32f4xx.o
      1984        162          0         60        240      21848   tasks.o
        56         18          0          0        548        748   usb_device.o
       590         22          0        275          0      13302   usbd_cdc.o
       168         34          0         20       4096       3623   usbd_cdc_if.o
       706         38          0          0       1008      14750   usbd_conf.o
       626          0          0          0          0      12206   usbd_core.o
       986         30          0          1          0       8088   usbd_ctlreq.o
       212        116          0         50        512       5239   usbd_desc.o
       132          0          0          0          0       4584   usbd_ioreq.o

    ----------------------------------------------------------------------
     18754       1198        520        496      23456     971239   Object Totals
         0          0         32          0          0          0   (incl. Generated)
        28          0          0          6          4          0   (incl. Padding)

    ----------------------------------------------------------------------

      Code (inc. data)   RO Data    RW Data    ZI Data      Debug   Library Member Name

        86          0          0          0          0          0   __dczerorl2.o
         0          0          0          0          0          0   entry.o
         0          0          0          0          0          0   entry10a.o
         0          0          0          0          0          0   entry11a.o
         8          4          0          0          0          0   entry2.o
         4          0          0          0          0          0   entry5.o
         0          0          0          0          0          0   entry7b.o
         0          0          0          0          0          0   entry8b.o
         8          4          0          0          0          0   entry9a.o
        30          0          0          0          0          0   handlers.o
        36          8          0          0          0         68   init.o
        30          0          0          0          0         68   llshl.o
        32          0          0          0          0         68   llushr.o
       188         20          0          0          0        160   malloc.o
        36          0          0          0          0         68   memcpya.o
         0          0          0          8          0          0   mvars.o
        98          0          0          0          0         92   uldiv.o

    ----------------------------------------------------------------------
       558         36          0          8          0        524   Library Totals
         2          0          0          0          0          0   (incl. Padding)

    ----------------------------------------------------------------------

      Code (inc. data)   RO Data    RW Data    ZI Data      Debug   Library Name

       556         36          0          8          0        524   mc_w.l

    ----------------------------------------------------------------------
       558         36          0          8          0        524   Library Totals

    ----------------------------------------------------------------------

==============================================================================


      Code (inc. data)   RO Data    RW Data    ZI Data      Debug   

     19312       1234        520        504      23456     947239   Grand Totals
     19312       1234        520        200      23456     947239   ELF Image Totals (compressed)
     19312       1234        520        200          0          0   ROM Totals

==============================================================================

    Total RO  Size (Code + RO Data)                19832 (  19.37kB)
    Total RW  Size (RW Data + ZI Data)             23960 (  23.40kB)
    Total ROM Size (Code + RO Data + RW Data)      20032 (  19.56kB)

==============================================================================

